Component: ARM Compiler 5.06 update 7 (build 960) Tool: armlink [4d3601]

==============================================================================

Section Cross References

    startup_xinc.o(STACK) refers (Special) to heapauxi.o(.text) for __use_two_region_memory
    startup_xinc.o(HEAP) refers (Special) to heapauxi.o(.text) for __use_two_region_memory
    startup_xinc.o(RESET) refers (Special) to heapauxi.o(.text) for __use_two_region_memory
    startup_xinc.o(RESET) refers to startup_xinc.o(STACK) for __initial_sp
    startup_xinc.o(RESET) refers to startup_xinc.o(.text) for Reset_Handler
    startup_xinc.o(RESET) refers to bsp_systick.o(i.SysTick_Handler) for SysTick_Handler
    startup_xinc.o(RESET) refers to sys_irq.o(i.BLE_Handler) for BLE_Handler
    startup_xinc.o(RESET) refers to bsp_gpio.o(i.GPIO_Handler) for GPIO_Handler
    startup_xinc.o(RESET) refers to bsp_uart.o(i.UART0_Handler) for UART0_Handler
    startup_xinc.o(RESET) refers to bsp_uart.o(i.UART1_Handler) for UART1_Handler
    startup_xinc.o(.text) refers (Special) to heapauxi.o(.text) for __use_two_region_memory
    startup_xinc.o(.text) refers to system_xinc.o(i.SystemInit) for SystemInit
    startup_xinc.o(.text) refers to __main.o(!!!main) for __main
    startup_xinc.o(.text) refers to startup_xinc.o(HEAP) for Heap_Mem
    startup_xinc.o(.text) refers to startup_xinc.o(STACK) for Stack_Mem
    system_xinc.o(i.SystemInit) refers to bsp_retarget.o(i.retarget_init) for retarget_init
    main.o(i.main) refers to m0_delay.o(i.Delay_s) for Delay_s
    main.o(i.main) refers to __2printf.o(.text) for __2printf
    main.o(i.main) refers to buzzer.o(i.Buzzer_Init) for Buzzer_Init
    main.o(i.main) refers to led.o(i.SLED_Init) for SLED_Init
    main.o(i.main) refers to cv520.o(i.CV520_Init) for CV520_Init
    main.o(i.main) refers to cv520.o(i.CV520_Read_Card) for CV520_Read_Card
    cv520.o(i.CV520_Init) refers to cv520.o(i.CV520_SPI_Init) for CV520_SPI_Init
    cv520.o(i.CV520_Init) refers to cv520.o(i.PcdReset_CV520) for PcdReset_CV520
    cv520.o(i.CV520_Init) refers to cv520.o(i.PcdConfig) for PcdConfig
    cv520.o(i.CV520_Init) refers to __2printf.o(.text) for __2printf
    cv520.o(i.CV520_Read_Card) refers to _printf_pad.o(.text) for _printf_pre_padding
    cv520.o(i.CV520_Read_Card) refers to _printf_percent.o(.ARM.Collect$$_printf_percent$$00000000) for _printf_percent
    cv520.o(i.CV520_Read_Card) refers to _printf_x.o(.ARM.Collect$$_printf_percent$$0000000C) for _printf_x
    cv520.o(i.CV520_Read_Card) refers to _printf_hex_int_ll_ptr.o(.text) for _printf_longlong_hex
    cv520.o(i.CV520_Read_Card) refers to iso14443.o(i.PiccReset) for PiccReset
    cv520.o(i.CV520_Read_Card) refers to iso14443.o(i.PiccRequest) for PiccRequest
    cv520.o(i.CV520_Read_Card) refers to m0_delay.o(i.Delay_ms) for Delay_ms
    cv520.o(i.CV520_Read_Card) refers to __2printf.o(.text) for __2printf
    cv520.o(i.CV520_Read_Card) refers to led.o(i.LED1) for LED1
    cv520.o(i.CV520_Read_Card) refers to buzzer.o(i.Buzzer_Beep) for Buzzer_Beep
    cv520.o(i.CV520_Read_Card) refers to iso14443.o(i.PiccAnticollSelect) for PiccAnticollSelect
    cv520.o(i.CV520_Read_Card) refers to iso14443.o(i.PiccHaltA) for PiccHaltA
    cv520.o(i.CV520_Read_Card) refers to iso14443.o(i.ISO14443A_Rst) for ISO14443A_Rst
    cv520.o(i.CV520_Read_Card) refers to m0_delay.o(i.Delay_s) for Delay_s
    cv520.o(i.CV520_Read_Card) refers to bsp_gpio.o(i.gpio_output_high) for gpio_output_high
    cv520.o(i.CV520_Read_Card) refers to cv520.o(.bss) for .bss
    cv520.o(i.CV520_Read_Card) refers to cv520.o(.data) for .data
    cv520.o(i.CV520_SPI_Init) refers to bsp_gpio.o(i.gpio_mux_ctl) for gpio_mux_ctl
    cv520.o(i.CV520_SPI_Init) refers to bsp_gpio.o(i.gpio_fun_sel) for gpio_fun_sel
    cv520.o(i.CV520_SPI_Init) refers to bsp_gpio.o(i.gpio_fun_inter) for gpio_fun_inter
    cv520.o(i.CV520_SPI_Init) refers to bsp_gpio.o(i.gpio_direction_output) for gpio_direction_output
    cv520.o(i.CV520_SPI_Init) refers to bsp_gpio.o(i.gpio_direction_input) for gpio_direction_input
    cv520.o(i.ClearBitMask) refers to cv520.o(i.Read_CV520) for Read_CV520
    cv520.o(i.ClearBitMask) refers to cv520.o(i.Write_CV520) for Write_CV520
    cv520.o(i.PcdAntenna_CV520) refers to cv520.o(i.SetBitMask_CV520) for SetBitMask_CV520
    cv520.o(i.PcdAntenna_CV520) refers to cv520.o(i.ClearBitMask) for ClearBitMask
    cv520.o(i.PcdConfig) refers to cv520.o(i.Write_CV520) for Write_CV520
    cv520.o(i.PcdConfig) refers to cv520.o(.data) for .data
    cv520.o(i.PcdReset_CV520) refers to bsp_gpio.o(i.gpio_output_low) for gpio_output_low
    cv520.o(i.PcdReset_CV520) refers to m0_delay.o(i.Delay_ms) for Delay_ms
    cv520.o(i.PcdReset_CV520) refers to bsp_gpio.o(i.gpio_output_high) for gpio_output_high
    cv520.o(i.PcdReset_CV520) refers to cv520.o(i.Read_CV520) for Read_CV520
    cv520.o(i.PcdReset_CV520) refers to __2printf.o(.text) for __2printf
[...]
    .data                                    0x10006484   Section        4  btstack_tick.o(.data)
    tick_handler                             0x10006484   Data           4  btstack_tick.o(.data)
    .data                                    0x10006488   Section       24  hci_dump.o(.data)
    dump_file                                0x10006488   Data           4  hci_dump.o(.data)
    dump_format                              0x1000648c   Data           4  hci_dump.o(.data)
    log_level_enabled                        0x10006490   Data          16  hci_dump.o(.data)
    .data                                    0x100064a0   Section       16  hw_delay.o(.data)
    calibration_counter_1ms                  0x100064a0   Data           4  hw_delay.o(.data)
    calibration_counter_10us                 0x100064a4   Data           4  hw_delay.o(.data)
    calibration_counter_1us                  0x100064a8   Data           4  hw_delay.o(.data)
    .data                                    0x100064b0   Section        4  sys_rand_num_gen.o(.data)
    .data                                    0x100064b4   Section       16  lslc_irq.o(.data)
    .data                                    0x100064c4   Section        8  hc_event_gen.o(.data)
    hci_event_mask                           0x100064c4   Data           4  hc_event_gen.o(.data)
    hci_event_mask_extended                  0x100064c8   Data           4  hc_event_gen.o(.data)
    .data                                    0x100064cc   Section       12  le_connection.o(.data)
    .data                                    0x100064d8   Section       74  le_link_layer.o(.data)
    ll_pdu_lenth_table                       0x10006514   Data          14  le_link_layer.o(.data)
    .data                                    0x10006524   Section        8  le_test.o(.data)
    sm_role                                  0x10006524   Data           1  le_test.o(.data)
    have_synced                              0x10006525   Data           1  le_test.o(.data)
    .bss                                     0x1000652c   Section      560  cv520.o(.bss)
    .bss                                     0x1000675c   Section      164  sys_config.o(.bss)
    .bss                                     0x10006800   Section     3120  tra_queue.o(.bss)
    .bss                                     0x10007430   Section       28  hc_flow_control.o(.bss)
    .bss                                     0x1000744c   Section      140  le_config.o(.bss)
    .bss                                     0x100074d8   Section      216  le_connection.o(.bss)
    LE_connections                           0x100074d8   Data         216  le_connection.o(.bss)
    .bss                                     0x100075b0   Section      184  lmp_config.o(.bss)
    .bss                                     0x10007668   Section       48  le_advertise.o(.bss)
    .bss                                     0x10007698   Section      152  le_advertise.o(.bss)
    .bss                                     0x10007730   Section       64  le_test.o(.bss)
    LE_test                                  0x10007730   Data          24  le_test.o(.bss)
    .bss                                     0x10007770   Section       96  libspace.o(.bss)
    HEAP                                     0x100077d0   Section        0  startup_xinc.o(HEAP)
    STACK                                    0x100077d0   Section     2048  startup_xinc.o(STACK)
    Heap_Mem                                 0x100077d0   Data           0  startup_xinc.o(HEAP)
    Stack_Mem                                0x100077d0   Data        2048  startup_xinc.o(STACK)
    __initial_sp                             0x10007fd0   Data           0  startup_xinc.o(STACK)

    Global Symbols

    Symbol Name                              Value     Ov Type        Size  Object(Section)

    BuildAttributes$$THM_ISAv3M$S$PE$A:L22$X:L11$S22$IEEE1$IW$USESV6$~STKCKD$USESV7$~SHL$OTIME$ROPI$IEEEX$EBA8$UX$STANDARDLIB$REQ8$PRES8$EABIv2 0x00000000   Number         0  anon$$obj.o ABSOLUTE
    __ARM_use_no_argv                        0x00000000   Number         0  main.o ABSOLUTE
    _printf_flags                            0x00000000   Number         0  printf_stubs.o ABSOLUTE
    _printf_return_value                     0x00000000   Number         0  printf_stubs.o ABSOLUTE
    _printf_sizespec                         0x00000000   Number         0  printf_stubs.o ABSOLUTE
    _printf_widthprec                        0x00000000   Number         0  printf_stubs.o ABSOLUTE
    __ARM_exceptions_init                     - Undefined Weak Reference
    __alloca_initialize                       - Undefined Weak Reference
    __arm_fini_                               - Undefined Weak Reference
    __arm_preinit_                            - Undefined Weak Reference
    __cpp_initialize__aeabi_                  - Undefined Weak Reference
    __cxa_finalize                            - Undefined Weak Reference
    __sigvec_lookup                           - Undefined Weak Reference
    _atexit_init                              - Undefined Weak Reference
    _call_atexit_fns                          - Undefined Weak Reference
    _clock_init                               - Undefined Weak Reference
    _fp_trap_init                             - Undefined Weak Reference
    _fp_trap_shutdown                         - Undefined Weak Reference
    _get_lc_collate                           - Undefined Weak Reference
    _get_lc_monetary                          - Undefined Weak Reference
    _get_lc_time                              - Undefined Weak Reference
    _getenv_init                              - Undefined Weak Reference
    _handle_redirection                       - Undefined Weak Reference
    _init_alloc                               - Undefined Weak Reference
    _init_user_alloc                          - Undefined Weak Reference
    _initio                                   - Undefined Weak Reference
    _printf_mbtowc                            - Undefined Weak Reference
    _printf_wc                                - Undefined Weak Reference
    _rand_init                                - Undefined Weak Reference
    _signal_finish                            - Undefined Weak Reference
    _signal_init                              - Undefined Weak Reference
    _terminate_alloc                          - Undefined Weak Reference
    _terminate_user_alloc                     - Undefined Weak Reference
    _terminateio                              - Undefined Weak Reference
    __Vectors_Size                           0x00000090   Number         0  startup_xinc.o ABSOLUTE
    __Vectors                                0x10000000   Data           4  startup_xinc.o(RESET)
    __Vectors_End                            0x10000090   Data           0  startup_xinc.o(RESET)
    __main                                   0x10000091   Thumb Code     8  __main.o(!!!main)
    __scatterload                            0x10000099   Thumb Code     0  __scatter.o(!!!scatter)
    __scatterload_rt2                        0x10000099   Thumb Code    52  __scatter.o(!!!scatter)
    __scatterload_rt2_thumb_only             0x10000099   Thumb Code     0  __scatter.o(!!!scatter)
    __scatterload_null                       0x100000a9   Thumb Code     0  __scatter.o(!!!scatter)
    __scatterload_copy                       0x100000d5   Thumb Code    26  __scatter_copy.o(!!handler_copy)
    __scatterload_zeroinit                   0x100000f1   Thumb Code    28  __scatter_zi.o(!!handler_zi)
    _printf_percent                          0x1000010d   Thumb Code     0  _printf_percent.o(.ARM.Collect$$_printf_percent$$00000000)
    _printf_x                                0x1000010f   Thumb Code     0  _printf_x.o(.ARM.Collect$$_printf_percent$$0000000C)
    _printf_percent_end                      0x10000119   Thumb Code     0  _printf_percent_end.o(.ARM.Collect$$_printf_percent$$00000017)
    __rt_lib_init                            0x1000011d   Thumb Code     0  libinit.o(.ARM.Collect$$libinit$$00000000)
    __rt_lib_init_alloca_1                   0x1000011f   Thumb Code     0  libinit2.o(.ARM.Collect$$libinit$$0000002E)
    __rt_lib_init_argv_1                     0x1000011f   Thumb Code     0  libinit2.o(.ARM.Collect$$libinit$$0000002C)
    __rt_lib_init_atexit_1                   0x1000011f   Thumb Code     0  libinit2.o(.ARM.Collect$$libinit$$0000001B)
    __rt_lib_init_clock_1                    0x1000011f   Thumb Code     0  libinit2.o(.ARM.Collect$$libinit$$00000021)
    __rt_lib_init_cpp_1                      0x1000011f   Thumb Code     0  libinit2.o(.ARM.Collect$$libinit$$00000032)
    __rt_lib_init_exceptions_1               0x1000011f   Thumb Code     0  libinit2.o(.ARM.Collect$$libinit$$00000030)
    __rt_lib_init_fp_1                       0x1000011f   Thumb Code     0  libinit2.o(.ARM.Collect$$libinit$$00000002)
    __rt_lib_init_fp_trap_1                  0x1000011f   Thumb Code     0  libinit2.o(.ARM.Collect$$libinit$$0000001F)
    __rt_lib_init_getenv_1                   0x1000011f   Thumb Code     0  libinit2.o(.ARM.Collect$$libinit$$00000023)
    __rt_lib_init_heap_1                     0x1000011f   Thumb Code     0  libinit2.o(.ARM.Collect$$libinit$$0000000A)
    __rt_lib_init_lc_collate_1               0x1000011f   Thumb Code     0  libinit2.o(.ARM.Collect$$libinit$$00000011)
    __rt_lib_init_lc_ctype_1                 0x1000011f   Thumb Code     0  libinit2.o(.ARM.Collect$$libinit$$00000013)
    __rt_lib_init_lc_monetary_1              0x1000011f   Thumb Code     0  libinit2.o(.ARM.Collect$$libinit$$00000015)
    __rt_lib_init_lc_numeric_1               0x1000011f   Thumb Code     0  libinit2.o(.ARM.Collect$$libinit$$00000017)
    __rt_lib_init_lc_time_1                  0x1000011f   Thumb Code     0  libinit2.o(.ARM.Collect$$libinit$$00000019)
    __rt_lib_init_preinit_1                  0x1000011f   Thumb Code     0  libinit2.o(.ARM.Collect$$libinit$$00000004)
    __rt_lib_init_rand_1                     0x1000011f   Thumb Code     0  libinit2.o(.ARM.Collect$$libinit$$0000000E)
    __rt_lib_init_return                     0x1000011f   Thumb Code     0  libinit2.o(.ARM.Collect$$libinit$$00000033)
    __rt_lib_init_signal_1                   0x1000011f   Thumb Code     0  libinit2.o(.ARM.Collect$$libinit$$0000001D)
    __rt_lib_init_stdio_1                    0x1000011f   Thumb Code     0  libinit2.o(.ARM.Collect$$libinit$$00000025)
    __rt_lib_init_user_alloc_1               0x1000011f   Thumb Code     0  libinit2.o(.ARM.Collect$$libinit$$0000000C)
    __rt_lib_shutdown                        0x10000121   Thumb Code     0  libshutdown.o(.ARM.Collect$$libshutdown$$00000000)
    __rt_lib_shutdown_cpp_1                  0x10000123   Thumb Code     0  libshutdown2.o(.ARM.Collect$$libshutdown$$00000004)
    __rt_lib_shutdown_fini_1                 0x10000123   Thumb Code     0  libshutdown2.o(.ARM.Collect$$libshutdown$$00000002)
    __rt_lib_shutdown_fp_trap_1              0x10000123   Thumb Code     0  libshutdown2.o(.ARM.Collect$$libshutdown$$00000009)
    __rt_lib_shutdown_heap_1                 0x10000123   Thumb Code     0  libshutdown2.o(.ARM.Collect$$libshutdown$$00000011)
    __rt_lib_shutdown_return                 0x10000123   Thumb Code     0  libshutdown2.o(.ARM.Collect$$libshutdown$$00000012)
    __rt_lib_shutdown_signal_1               0x10000123   Thumb Code     0  libshutdown2.o(.ARM.Collect$$libshutdown$$0000000C)
    __rt_lib_shutdown_stdio_1                0x10000123   Thumb Code     0  libshutdown2.o(.ARM.Collect$$libshutdown$$00000006)
    __rt_lib_shutdown_user_alloc_1           0x10000123   Thumb Code     0  libshutdown2.o(.ARM.Collect$$libshutdown$$0000000E)
    __rt_entry                               0x10000125   Thumb Code     0  __rtentry.o(.ARM.Collect$$rtentry$$00000000)
    __rt_entry_presh_1                       0x10000125   Thumb Code     0  __rtentry2.o(.ARM.Collect$$rtentry$$00000002)
    __rt_entry_sh                            0x10000125   Thumb Code     0  __rtentry4.o(.ARM.Collect$$rtentry$$00000004)
    __rt_entry_li                            0x1000012b   Thumb Code     0  __rtentry2.o(.ARM.Collect$$rtentry$$0000000A)
    __rt_entry_postsh_1                      0x1000012b   Thumb Code     0  __rtentry2.o(.ARM.Collect$$rtentry$$00000009)
    __rt_entry_main                          0x1000012f   Thumb Code     0  __rtentry2.o(.ARM.Collect$$rtentry$$0000000D)
    __rt_entry_postli_1                      0x1000012f   Thumb Code     0  __rtentry2.o(.ARM.Collect$$rtentry$$0000000C)
    __rt_exit                                0x10000137   Thumb Code     0  rtexit.o(.ARM.Collect$$rtexit$$00000000)
    __rt_exit_ls                             0x10000139   Thumb Code     0  rtexit2.o(.ARM.Collect$$rtexit$$00000003)
    __rt_exit_prels_1                        0x10000139   Thumb Code     0  rtexit2.o(.ARM.Collect$$rtexit$$00000002)
    __rt_exit_exit                           0x1000013d   Thumb Code     0  rtexit2.o(.ARM.Collect$$rtexit$$00000004)
    __aeabi_memcpy4                          0x10000145   Thumb Code    56  rt_memcpy.o(.emb_text)
    __aeabi_memcpy8                          0x10000145   Thumb Code     0  rt_memcpy.o(.emb_text)
    Reset_Handler                            0x1000017d   Thumb Code    14  startup_xinc.o(.text)
    NMI_Handler                              0x1000018b   Thumb Code     2  startup_xinc.o(.text)
    HardFault_Handler                        0x1000018d   Thumb Code     2  startup_xinc.o(.text)
    MemManage_Handler                        0x1000018f   Thumb Code     2  startup_xinc.o(.text)
    BusFault_Handler                         0x10000191   Thumb Code     2  startup_xinc.o(.text)
    UsageFault_Handler                       0x10000193   Thumb Code     2  startup_xinc.o(.text)
    SVC_Handler                              0x10000195   Thumb Code     2  startup_xinc.o(.text)
    DebugMon_Handler                         0x10000197   Thumb Code     2  startup_xinc.o(.text)
    AES_Handler                              0x10000199   Thumb Code     0  startup_xinc.o(.text)
    CPR_Handler                              0x10000199   Thumb Code     0  startup_xinc.o(.text)
    DMAS_Handler                             0x10000199   Thumb Code     0  startup_xinc.o(.text)
    GADC_Handler                             0x10000199   Thumb Code     0  startup_xinc.o(.text)
    I2C_Handler                              0x10000199   Thumb Code     0  startup_xinc.o(.text)
    KBS_Handler                              0x10000199   Thumb Code     0  startup_xinc.o(.text)
    PendSV_Handler                           0x10000199   Thumb Code     0  startup_xinc.o(.text)
    QDEC_Handler                             0x10000199   Thumb Code     0  startup_xinc.o(.text)
    RTC_Handler                              0x10000199   Thumb Code     0  startup_xinc.o(.text)
    SIM_Handler                              0x10000199   Thumb Code     0  startup_xinc.o(.text)
    SPI0_Handler                             0x10000199   Thumb Code     0  startup_xinc.o(.text)
    SPI1_Handler                             0x10000199   Thumb Code     0  startup_xinc.o(.text)
    TIMER0_Handler                           0x10000199   Thumb Code     0  startup_xinc.o(.text)
    TIMER1_Handler                           0x10000199   Thumb Code     0  startup_xinc.o(.text)
    TIMER2_Handler                           0x10000199   Thumb Code     0  startup_xinc.o(.text)
    TIMER3_Handler                           0x10000199   Thumb Code     0  startup_xinc.o(.text)
    WDT_Handler                              0x10000199   Thumb Code     0  startup_xinc.o(.text)
    __user_initial_stackheap                 0x1000019d   Thumb Code     0  startup_xinc.o(.text)
    __I$use$semihosting                      0x100001c5   Thumb Code     0  use_no_semi.o(.text)
    __use_no_semihosting_swi                 0x100001c5   Thumb Code     2  use_no_semi.o(.text)
    __2printf                                0x100001c9   Thumb Code    22  __2printf.o(.text)
    _printf_pre_padding                      0x100001e5   Thumb Code    44  _printf_pad.o(.text)
    _printf_post_padding                     0x10000211   Thumb Code    34  _printf_pad.o(.text)
    _printf_longlong_hex                     0x10000235   Thumb Code    88  _printf_hex_int_ll_ptr.o(.text)
    _printf_int_hex                          0x1000028d   Thumb Code    28  _printf_hex_int_ll_ptr.o(.text)
    _printf_ll_hex                           0x100002a9   Thumb Code    10  _printf_hex_int_ll_ptr.o(.text)
    _printf_hex_ptr                          0x100002b3   Thumb Code    22  _printf_hex_int_ll_ptr.o(.text)
    __printf                                 0x100002cd   Thumb Code   386  __printf_flags_ss_wp.o(.text)
    __aeabi_memcpy                           0x10000455   Thumb Code   130  rt_memcpy.o(.text)
    __rt_memcpy                              0x10000455   Thumb Code     0  rt_memcpy.o(.text)
    _memset_w                                0x100004d7   Thumb Code    26  rt_memclr.o(.text)
    _memset                                  0x100004f1   Thumb Code    30  rt_memclr.o(.text)
    __aeabi_memclr                           0x1000050f   Thumb Code     4  rt_memclr.o(.text)
    __rt_memclr                              0x1000050f   Thumb Code     0  rt_memclr.o(.text)
    __aeabi_memclr4                          0x10000513   Thumb Code     0  rt_memclr.o(.text)
    __aeabi_memclr8                          0x10000513   Thumb Code     0  rt_memclr.o(.text)
    __rt_memclr_w                            0x10000513   Thumb Code     4  rt_memclr.o(.text)
    __aeabi_uidiv                            0x10000517   Thumb Code     0  aeabi_sdiv.o(.text)
    __aeabi_uidivmod                         0x10000517   Thumb Code    20  aeabi_sdiv.o(.text)
    __aeabi_idiv                             0x1000052b   Thumb Code     0  aeabi_sdiv.o(.text)
    __aeabi_idivmod                          0x1000052b   Thumb Code   326  aeabi_sdiv.o(.text)
    __use_two_region_memory                  0x10000671   Thumb Code     2  heapauxi.o(.text)
    __rt_heap_escrow$2region                 0x10000673   Thumb Code     2  heapauxi.o(.text)
    __rt_heap_expand$2region                 0x10000675   Thumb Code     2  heapauxi.o(.text)
    __aeabi_d2uiz                            0x10000679   Thumb Code     0  dfixui.o(.text)
    _dfixu                                   0x10000679   Thumb Code    68  dfixui.o(.text)
    __aeabi_i2d_normalise                    0x100006c1   Thumb Code    66  dflti.o(.text)
    __aeabi_i2d                              0x10000703   Thumb Code    16  dflti.o(.text)
    _dflt                                    0x10000703   Thumb Code     0  dflti.o(.text)
    __aeabi_ui2d                             0x10000713   Thumb Code     6  dflti.o(.text)
    _dfltu                                   0x10000713   Thumb Code     0  dflti.o(.text)
    __aeabi_dmul                             0x10000719   Thumb Code     0  dmul.o(.text)
    _dmul                                    0x10000719   Thumb Code   558  dmul.o(.text)
    _printf_int_common                       0x10000961   Thumb Code   176  _printf_intcommon.o(.text)
    _printf_char_file                        0x10000a11   Thumb Code    34  _printf_char_file.o(.text)
    _printf_char_common                      0x10000a43   Thumb Code    32  _printf_char_common.o(.text)
    __user_libspace                          0x10000a69   Thumb Code     8  libspace.o(.text)
    __user_perproc_libspace                  0x10000a69   Thumb Code     0  libspace.o(.text)
    __user_perthread_libspace                0x10000a69   Thumb Code     0  libspace.o(.text)
    __user_setup_stackheap                   0x10000a71   Thumb Code    62  sys_stackheap_outer.o(.text)
    exit                                     0x10000aaf   Thumb Code    16  exit.o(.text)
    BLE_Handler                              0x10000abf   Thumb Code     8  sys_irq.o(i.BLE_Handler)
    BTq_Ack_Last_Dequeued                    0x10000ac9   Thumb Code   248  tra_queue.o(i.BTq_Ack_Last_Dequeued)
    BTq_Commit                               0x10000bc5   Thumb Code    48  tra_queue.o(i.BTq_Commit)
    BTq_Enqueue                              0x10000bf9   Thumb Code   368  tra_queue.o(i.BTq_Enqueue)
    BTq_Get_Queue_Number_Of_Entries          0x10000d71   Thumb Code    14  tra_queue.o(i.BTq_Get_Queue_Number_Of_Entries)
    BTq_Get_and_Reset_Queue_Number_Of_Processed_Chunks 0x10000d85   Thumb Code    24  tra_queue.o(i.BTq_Get_and_Reset_Queue_Number_Of_Processed_Chunks)
    BTq_Is_Queue_Empty                       0x10000da1   Thumb Code    24  tra_queue.o(i.BTq_Is_Queue_Empty)
    BTq_LE_Dequeue_Next                      0x10000dbd   Thumb Code   100  tra_queue.o(i.BTq_LE_Dequeue_Next)
    BTq_Reduce_Queue_Number_Of_Processed_Chunks 0x10000e25   Thumb Code    58  tra_queue.o(i.BTq_Reduce_Queue_Number_Of_Processed_Chunks)
    BTq_Reset                                0x10000e65   Thumb Code   118  tra_queue.o(i.BTq_Reset)
    BTtimer_Is_Expired_For_Time              0x10000ee9   Thumb Code    28  bt_timer.o(i.BTtimer_Is_Expired_For_Time)
    BTtimer_Set_Ticks                        0x10000f05   Thumb Code    16  bt_timer.o(i.BTtimer_Set_Ticks)
    Buzzer_Beep                              0x10000f15   Thumb Code   154  buzzer.o(i.Buzzer_Beep)
    Buzzer_Init                              0x10000faf   Thumb Code    32  buzzer.o(i.Buzzer_Init)
    CV520_Init                               0x10000fd1   Thumb Code    28  cv520.o(i.CV520_Init)
    CV520_Read_Card                          0x10001001   Thumb Code   200  cv520.o(i.CV520_Read_Card)
    CV520_SPI_Init                           0x10001101   Thumb Code   188  cv520.o(i.CV520_SPI_Init)
    ClearBitMask                             0x100011bd   Thumb Code    22  cv520.o(i.ClearBitMask)
    Delay_ms                                 0x100011d5   Thumb Code    24  m0_delay.o(i.Delay_ms)
    Delay_s                                  0x100011f1   Thumb Code    24  m0_delay.o(i.Delay_s)
    Delay_us                                 0x1000120d   Thumb Code    30  m0_delay.o(i.Delay_us)
    GPIO_Handler                             0x10001235   Thumb Code    46  bsp_gpio.o(i.GPIO_Handler)
    HCeg_Generate_Event                      0x10001291   Thumb Code   176  hc_event_gen.o(i.HCeg_Generate_Event)
    HCeg_Hardware_Error_Event                0x10001345   Thumb Code    30  hc_event_gen.o(i.HCeg_Hardware_Error_Event)
    HCeg_Is_Event_Masked_On                  0x10001365   Thumb Code    26  hc_event_gen.o(i.HCeg_Is_Event_Masked_On)
    HCeg_Prevent_HCI_Event_Queue_from_Overfill 0x10001385   Thumb Code    38  hc_event_gen.o(i.HCeg_Prevent_HCI_Event_Queue_from_Overfill)
    HCfc_Release_All_Data_Queue_Packets      0x100013ad   Thumb Code    34  hc_flow_control.o(i.HCfc_Release_All_Data_Queue_Packets)
    HW_Get_Bt_Clk_Avoid_Race                 0x100013d5   Thumb Code    14  hw_lc.o(i.HW_Get_Bt_Clk_Avoid_Race)
    HW_Get_Native_Clk_Avoid_Race             0x100013e9   Thumb Code    24  hw_lc.o(i.HW_Get_Native_Clk_Avoid_Race)
    HWdelay_Wait_For_Serial_Interface_Busy_us 0x10001495   Thumb Code    26  hw_delay.o(i.HWdelay_Wait_For_Serial_Interface_Busy_us)
    HWdelay_Wait_For_Serial_Interface_Idle   0x100014b9   Thumb Code    58  hw_delay.o(i.HWdelay_Wait_For_Serial_Interface_Idle)
    HWdelay_Wait_For_us                      0x100014f9   Thumb Code    26  hw_delay.o(i.HWdelay_Wait_For_us)
    HWradio_DisableAllSpiWrites              0x10001625   Thumb Code    16  hw_radio.o(i.HWradio_DisableAllSpiWrites)
    HWradio_LE_Read_RSSI                     0x1000163d   Thumb Code     4  hw_radio.o(i.HWradio_LE_Read_RSSI)
    HWradio_LE_RxComplete                    0x10001641   Thumb Code    58  hw_radio.o(i.HWradio_LE_RxComplete)
    HWradio_LE_Service                       0x10001681   Thumb Code   880  hw_radio.o(i.HWradio_LE_Service)
    HWradio_LE_Set_Active_Mode               0x10001a1d   Thumb Code     6  hw_radio.o(i.HWradio_LE_Set_Active_Mode)
    HWradio_LE_Setup_Radio_For_Next_TXRX     0x10001a29   Thumb Code    10  hw_radio.o(i.HWradio_LE_Setup_Radio_For_Next_TXRX)
    HWradio_LE_TxComplete                    0x10001a3d   Thumb Code    52  hw_radio.o(i.HWradio_LE_TxComplete)
    IO_Read                                  0x10001a75   Thumb Code    26  bsp_gpio.o(i.IO_Read)
    ISO14443A_Rst                            0x10001a95   Thumb Code   100  iso14443.o(i.ISO14443A_Rst)
    LC_Sleep                                 0x10001afd   Thumb Code     4  lc_interface.o(i.LC_Sleep)
    LED1                                     0x10001b01   Thumb Code    22  led.o(i.LED1)
    LE_Connection_Extact_Connection_Req_Parameters 0x10001b19   Thumb Code   144  le_connection.o(i.LE_Connection_Extact_Connection_Req_Parameters)
    LE_LL_Connection_Update_Req              0x10001bad   Thumb Code   194  le_link_layer.o(i.LE_LL_Connection_Update_Req)
    LE_LL_Ctrl_Handle_Connection_Event       0x10001c7d   Thumb Code   848  le_connection.o(i.LE_LL_Ctrl_Handle_Connection_Event)
    LE_LL_Ctrl_Handle_LE_IRQ                 0x10001fe1   Thumb Code   194  le_link_layer.o(i.LE_LL_Ctrl_Handle_LE_IRQ)
    LE_LL_Enc_Req                            0x100020ad   Thumb Code   328  le_link_layer.o(i.LE_LL_Enc_Req)
    LE_LL_Feature_Req                        0x100021f9   Thumb Code    44  le_link_layer.o(i.LE_LL_Feature_Req)
    LE_LL_Handle_LLC_Ack                     0x10002225   Thumb Code   114  le_link_layer.o(i.LE_LL_Handle_LLC_Ack)
    LE_LL_InactiveSlots                      0x1000229d   Thumb Code    64  le_link_layer.o(i.LE_LL_InactiveSlots)
    LE_LL_Pause_Enc_Req                      0x100022e1   Thumb Code    78  le_link_layer.o(i.LE_LL_Pause_Enc_Req)
    LE_LL_Pause_Enc_Rsp                      0x1000232f   Thumb Code    82  le_link_layer.o(i.LE_LL_Pause_Enc_Rsp)
    LE_LL_Reject_Ind                         0x10002381   Thumb Code   166  le_link_layer.o(i.LE_LL_Reject_Ind)
    LE_LL_Set_Adv_Header                     0x10002429   Thumb Code    30  le_link_layer.o(i.LE_LL_Set_Adv_Header)
    LE_LL_Sleep                              0x1000244d   Thumb Code    24  le_link_layer.o(i.LE_LL_Sleep)
    LE_LL_Start_Enc_Rsp                      0x10002469   Thumb Code   128  le_link_layer.o(i.LE_LL_Start_Enc_Rsp)
    LE_LL_Terminate_Ind                      0x100024e9   Thumb Code    16  le_link_layer.o(i.LE_LL_Terminate_Ind)
    LE_LL_UnSupported_Pdu                    0x100024f9   Thumb Code    16  le_link_layer.o(i.LE_LL_UnSupported_Pdu)
    LE_LL_Unknown_Rsp                        0x10002509   Thumb Code   188  le_link_layer.o(i.LE_LL_Unknown_Rsp)
    LE_LL_Version_Ind                        0x100025c5   Thumb Code   170  le_link_layer.o(i.LE_LL_Version_Ind)
    LEadv_Advertising_Event_Begin            0x10002671   Thumb Code   228  le_advertise.o(i.LEadv_Advertising_Event_Begin)
    LEadv_Disable_Connectable_Advertising    0x1000276d   Thumb Code    32  le_advertise.o(i.LEadv_Disable_Connectable_Advertising)
    LEadv_Encode_Own_Address_In_Payload      0x10002791   Thumb Code    30  le_advertise.o(i.LEadv_Encode_Own_Address_In_Payload)
    LEadv_Get_Direct_Adv_Address             0x100027bd   Thumb Code     4  le_advertise.o(i.LEadv_Get_Direct_Adv_Address)
    LEadv_Get_Direct_Adv_Type                0x100027c5   Thumb Code     6  le_advertise.o(i.LEadv_Get_Direct_Adv_Type)
    LEadv_Get_Slots_To_Next_Advertising_Timer 0x100027d1   Thumb Code    48  le_advertise.o(i.LEadv_Get_Slots_To_Next_Advertising_Timer)
    LEadv_Handle_Advertising                 0x10002809   Thumb Code   526  le_advertise.o(i.LEadv_Handle_Advertising)
    LEadv_Is_Next_Adv_Due                    0x10002a31   Thumb Code    32  le_advertise.o(i.LEadv_Is_Next_Adv_Due)
    LEadv_Prep_For_LE_Advert_Tx              0x10002a55   Thumb Code   128  le_advertise.o(i.LEadv_Prep_For_LE_Advert_Tx)
    LEadv_Prep_For_LE_Scan_Resp_Tx           0x10002aed   Thumb Code    54  le_advertise.o(i.LEadv_Prep_For_LE_Scan_Resp_Tx)
    LEadv_Reset_Adv_Frequency                0x10002b2d   Thumb Code    46  le_advertise.o(i.LEadv_Reset_Adv_Frequency)
    LEadv_Set_Adv_Header                     0x10002b61   Thumb Code    52  le_advertise.o(i.LEadv_Set_Adv_Header)
    LEadv_Set_Advertise_Enable               0x10002b99   Thumb Code   118  le_advertise.o(i.LEadv_Set_Advertise_Enable)
    LEadv_Try_Advance_Adv_Frequency          0x10002c19   Thumb Code    48  le_advertise.o(i.LEadv_Try_Advance_Adv_Frequency)
    LEadv_Write_Adv_Data                     0x10002c4d   Thumb Code    26  le_advertise.o(i.LEadv_Write_Adv_Data)
    LEadv_Write_Scan_Resp_Data               0x10002c6d   Thumb Code   102  le_advertise.o(i.LEadv_Write_Scan_Resp_Data)
    LEconfig_Allocate_Link_Id                0x10002cd9   Thumb Code    40  le_config.o(i.LEconfig_Allocate_Link_Id)
    LEconfig_Free_Link_Id                    0x10002d05   Thumb Code    18  le_config.o(i.LEconfig_Free_Link_Id)
    LEconfig_Get_LE_Features_Ref             0x10002d1d   Thumb Code     4  le_config.o(i.LEconfig_Get_LE_Features_Ref)
    LEconfig_Is_Features_Encryption_Supported 0x10002d25   Thumb Code     4  le_config.o(i.LEconfig_Is_Features_Encryption_Supported)
    LEconnection_Connection_Update           0x10002d29   Thumb Code   108  le_connection.o(i.LEconnection_Connection_Update)
    LEconnection_Encrypt_Payload             0x10002d9d   Thumb Code   322  le_connection.o(i.LEconnection_Encrypt_Payload)
    LEconnection_Find_Link_Entry             0x10002eed   Thumb Code    10  le_connection.o(i.LEconnection_Find_Link_Entry)
    LEconnection_Find_Next_Connection_Event  0x10002efd   Thumb Code    84  le_connection.o(i.LEconnection_Find_Next_Connection_Event)
    LEconnection_Handle_Connection_Event     0x10002f59   Thumb Code   264  le_connection.o(i.LEconnection_Handle_Connection_Event)
    LEconnection_Local_Disconnect            0x1000306d   Thumb Code    34  le_connection.o(i.LEconnection_Local_Disconnect)
    LEconnection_Set_HW_Pkt_Counter          0x10003091   Thumb Code    76  le_connection.o(i.LEconnection_Set_HW_Pkt_Counter)
    LEconnection_Setup_First_Connection_Event 0x100030e1   Thumb Code    76  le_connection.o(i.LEconnection_Setup_First_Connection_Event)
    LEconnections_Link_In_Use                0x10003181   Thumb Code    20  le_config.o(i.LEconnections_Link_In_Use)
    LEeventgen_Generate_LE_Meta_Event        0x10003199   Thumb Code   386  le_connection.o(i.LEeventgen_Generate_LE_Meta_Event)
    LEfreq_Get_Next_Data_Channel_Frequency   0x10003321   Thumb Code    62  le_frequency.o(i.LEfreq_Get_Next_Data_Channel_Frequency)
    LEfreq_Map_Channel_Index_2_RF_Freq       0x1000335f   Thumb Code    46  le_frequency.o(i.LEfreq_Map_Channel_Index_2_RF_Freq)
    LEfreq_Update_Channel_Map                0x1000338d   Thumb Code    46  le_frequency.o(i.LEfreq_Update_Channel_Map)
    LEfreq_Update_Channel_Map_Req            0x100033bd   Thumb Code    74  le_frequency.o(i.LEfreq_Update_Channel_Map_Req)
    LEfreq_Update_Channel_Remapping_Table    0x1000340d   Thumb Code    64  le_frequency.o(i.LEfreq_Update_Channel_Remapping_Table)
    LEll_Decode_Advertising_ChannelPDU       0x1000344d   Thumb Code   170  le_link_layer.o(i.LEll_Decode_Advertising_ChannelPDU)
    LEll_Encode_Advertising_ChannelPDU       0x10003501   Thumb Code   108  le_link_layer.o(i.LEll_Encode_Advertising_ChannelPDU)
    LEllc_Encode_PDU                         0x10003575   Thumb Code   382  le_connection.o(i.LEllc_Encode_PDU)
    LEtest_Ctrl_Handle_Test_Mode_Event       0x100036fd   Thumb Code   296  le_test.o(i.LEtest_Ctrl_Handle_Test_Mode_Event)
    LEtest_Test_Event_Begin                  0x10003839   Thumb Code   126  le_test.o(i.LEtest_Test_Event_Begin)
    LMpol_Sleep                              0x100038d5   Thumb Code    46  lmp_link_policy.o(i.LMpol_Sleep)
    LMutils_Array_Copy                       0x10003909   Thumb Code    16  lmp_utils.o(i.LMutils_Array_Copy)
    LMutils_Get_Uint16                       0x10003919   Thumb Code    12  lmp_utils.o(i.LMutils_Get_Uint16)
    LMutils_Get_Uint32                       0x10003925   Thumb Code    22  lmp_utils.o(i.LMutils_Get_Uint32)
    LMutils_Set_Uint16                       0x1000393b   Thumb Code     8  lmp_utils.o(i.LMutils_Set_Uint16)
    LSLCirq_Disable_All_Tim_Intr_Except      0x10003945   Thumb Code    28  lslc_irq.o(i.LSLCirq_Disable_All_Tim_Intr_Except)
    LSLCirq_IRQ_Handler                      0x10003969   Thumb Code   328  lslc_irq.o(i.LSLCirq_IRQ_Handler)
    LSLCslot_Handle_AUX_TIM                  0x10003ac5   Thumb Code     2  lslc_slot.o(i.LSLCslot_Handle_AUX_TIM)
    PcdAntenna_CV520                         0x10003ac7   Thumb Code    26  cv520.o(i.PcdAntenna_CV520)
    PcdConfig                                0x10003ae1   Thumb Code   260  cv520.o(i.PcdConfig)
    PcdReset_CV520                           0x10003bed   Thumb Code    62  cv520.o(i.PcdReset_CV520)
    PcdSetTmo_CV520                          0x10003c4d   Thumb Code   102  cv520.o(i.PcdSetTmo_CV520)
    PcdTransceive                            0x10003cb5   Thumb Code   394  cv520.o(i.PcdTransceive)
    PiccAnticoll                             0x10003e69   Thumb Code    80  iso14443.o(i.PiccAnticoll)
    PiccAnticollSelect                       0x10003ebd   Thumb Code   130  iso14443.o(i.PiccAnticollSelect)
    PiccCaluINF                              0x10003f41   Thumb Code    66  iso14443.o(i.PiccCaluINF)
    PiccHaltA                                0x10003f89   Thumb Code    30  iso14443.o(i.PiccHaltA)
    PiccRequest                              0x10003fad   Thumb Code    90  iso14443.o(i.PiccRequest)
    PiccReset                                0x1000400d   Thumb Code    28  iso14443.o(i.PiccReset)
    PiccSelect                               0x10004029   Thumb Code    84  iso14443.o(i.PiccSelect)
    PiccTypeA_Rst                            0x10004081   Thumb Code    56  iso14443.o(i.PiccTypeA_Rst)
    Read_CV520                               0x100040c1   Thumb Code   130  cv520.o(i.Read_CV520)
    SER_WRITE                                0x10004143   Thumb Code    18  hw_radio.o(i.SER_WRITE)
    SLED_Init                                0x10004155   Thumb Code   116  led.o(i.SLED_Init)
    SYSirq_Disable_Interrupts_Save_Flags     0x100041e1   Thumb Code    10  sys_irq.o(i.SYSirq_Disable_Interrupts_Save_Flags)
    SYSirq_Interrupts_Restore_Flags          0x100041eb   Thumb Code     6  sys_irq.o(i.SYSirq_Interrupts_Restore_Flags)
    SYSrand_Get_Rand                         0x100041f1   Thumb Code    10  sys_rand_num_gen.o(i.SYSrand_Get_Rand)
    SYSrand_Get_Rand_128_Ex                  0x10004201   Thumb Code    38  sys_rand_num_gen.o(i.SYSrand_Get_Rand_128_Ex)
    SYSrand_Get_Rand_R                       0x10004229   Thumb Code    46  sys_rand_num_gen.o(i.SYSrand_Get_Rand_R)
    SetBitMask_CV520                         0x10004261   Thumb Code    28  cv520.o(i.SetBitMask_CV520)
    SysTick_Handler                          0x1000427d   Thumb Code    16  bsp_systick.o(i.SysTick_Handler)
    SystemInit                               0x10004291   Thumb Code    14  system_xinc.o(i.SystemInit)
    UART0_Handler                            0x100042a5   Thumb Code    32  bsp_uart.o(i.UART0_Handler)
    UART1_Handler                            0x100042cd   Thumb Code    32  bsp_uart.o(i.UART1_Handler)
    Write_CV520                              0x100042f5   Thumb Code   134  cv520.o(i.Write_CV520)
    _BTq_Allocate_Header                     0x1000437b   Thumb Code    30  tra_queue.o(i._BTq_Allocate_Header)
    _BTq_Deallocate_Header                   0x10004399   Thumb Code    28  tra_queue.o(i._BTq_Deallocate_Header)
    _BTq_Get_Data_Queue_Ref                  0x100043b5   Thumb Code    22  tra_queue.o(i._BTq_Get_Data_Queue_Ref)
    _HWradio_ProgNow_xinc                    0x10004435   Thumb Code    48  hw_radio.o(i._HWradio_ProgNow_xinc)
    _Insert_Uint16                           0x100044c5   Thumb Code     8  hc_event_gen.o(i._Insert_Uint16)
    _LEadv_Advance_For_Next_Adv_Tx           0x100044cd   Thumb Code    38  le_advertise.o(i._LEadv_Advance_For_Next_Adv_Tx)
    _LEadv_Advertising_Event_Complete        0x10004501   Thumb Code   284  le_advertise.o(i._LEadv_Advertising_Event_Complete)
    _LEconnection_Close_Connection_Event     0x10004665   Thumb Code   398  le_connection.o(i._LEconnection_Close_Connection_Event)
    _LEconnection_Decode_DataPDU             0x10004809   Thumb Code   374  le_connection.o(i._LEconnection_Decode_DataPDU)
    _LEconnection_Encode_DataPDU             0x10004989   Thumb Code   314  le_connection.o(i._LEconnection_Encode_DataPDU)
    _LEconnection_Free_Connection            0x10004ad1   Thumb Code    16  le_connection.o(i._LEconnection_Free_Connection)
    _LEconnection_Reset_Connection           0x10004ae1   Thumb Code   106  le_connection.o(i._LEconnection_Reset_Connection)
    _LEtest_Packet_Send_Complete             0x10004b4d   Thumb Code    26  le_test.o(i._LEtest_Packet_Send_Complete)
    _LEtest_Prep_For_LE_Test_Rx              0x10004b6d   Thumb Code    28  le_test.o(i._LEtest_Prep_For_LE_Test_Rx)
    _LEtest_Prep_For_LE_Test_Tx              0x10004b8d   Thumb Code    28  le_test.o(i._LEtest_Prep_For_LE_Test_Tx)
    _LEtest_Set_Test_Mode_Header             0x10004bad   Thumb Code    54  le_test.o(i._LEtest_Set_Test_Mode_Header)
    _LEtest_Test_Event_Complete              0x10004be9   Thumb Code   106  le_test.o(i._LEtest_Test_Event_Complete)
    __ARM_common_switch8                     0x10004c61   Thumb Code    26  cv520.o(i.__ARM_common_switch8)
    _is_digit                                0x10004c7b   Thumb Code    14  __printf_wp.o(i._is_digit)
    _sys_exit                                0x10004c89   Thumb Code     2  bsp_retarget.o(i._sys_exit)
    ble_tick_handler                         0x10004c8d   Thumb Code     6  btstack_tick.o(i.ble_tick_handler)
    ferror                                   0x10004c9b   Thumb Code     6  bsp_retarget.o(i.ferror)
    fputc                                    0x10004ca1   Thumb Code     8  bsp_retarget.o(i.fputc)
    gpio_direction_input                     0x10004ca9   Thumb Code   152  bsp_gpio.o(i.gpio_direction_input)
    gpio_direction_output                    0x10004d51   Thumb Code    20  bsp_gpio.o(i.gpio_direction_output)
    gpio_fun_inter                           0x10004d6d   Thumb Code    90  bsp_gpio.o(i.gpio_fun_inter)
    gpio_fun_sel                             0x10004dd5   Thumb Code    82  bsp_gpio.o(i.gpio_fun_sel)
    gpio_mux_ctl                             0x10004e2d   Thumb Code    34  bsp_gpio.o(i.gpio_mux_ctl)
    gpio_output_high                         0x10004e55   Thumb Code    20  bsp_gpio.o(i.gpio_output_high)
    gpio_output_low                          0x10004e71   Thumb Code    22  bsp_gpio.o(i.gpio_output_low)
    hci_dump_enable_log_level                0x10004e8d   Thumb Code    16  hci_dump.o(i.hci_dump_enable_log_level)
    main                                     0x10004edd   Thumb Code    30  main.o(i.main)
    retarget_init                            0x10004f0d   Thumb Code    78  bsp_retarget.o(i.retarget_init)
    sendchar                                 0x10004f71   Thumb Code    18  bsp_retarget.o(i.sendchar)
    __I$use$fp                               0x10004f88   Number         0  usenofp.o(x$fpl$usenofp)
    firmware_version                         0x10004f88   Data          32  ble.o(.constdata)
    rf_rx_freq                               0x10004fa8   Data         320  xinrfc.o(.constdata)
    rf_tx_freq                               0x100050e8   Data         320  xinrfc.o(.constdata)
    hc_event_param_len                       0x10005228   Data          62  hc_event_gen.o(.constdata)
    hc_cmd_complete_event_array              0x10005266   Data         344  hc_event_gen.o(.constdata)
    _LEconfig_supported_states               0x100053be   Data           8  le_config.o(.constdata)
    _LEconfig_local_features                 0x100053c6   Data           8  le_config.o(.constdata)
    Region$$Table$$Base                      0x10005408   Number         0  anon$$obj.o(Region$$Table)
    Region$$Table$$Limit                     0x10005428   Number         0  anon$$obj.o(Region$$Table)
    g_cATSLen                                0x10006428   Data           1  cv520.o(.data)
    g_sPcdPara                               0x10006429   Data           7  cv520.o(.data)
    IoHandler_Callback                       0x10006430   Data           4  bsp_gpio.o(.data)
    gpio_mux_config                          0x10006434   Data           8  bsp_gpio.o(.data)
    gpio_fun_sel_config                      0x1000643c   Data          32  bsp_gpio.o(.data)
    uHandler_Callback                        0x1000645c   Data           8  bsp_uart.o(.data)
    __stdout                                 0x10006464   Data           4  bsp_retarget.o(.data)
    GulSystickCount                          0x10006468   Data           4  bsp_systick.o(.data)
    CurrentRadioMode                         0x1000646c   Data           1  hw_radio.o(.data)
    reg_i_idac_rf                            0x1000646e   Data           2  hw_radio.o(.data)
    reg_q_qdac_rf                            0x10006470   Data           2  hw_radio.o(.data)
    dc_stat_t                                0x1000647c   Data           4  hw_radio.o(.data)
    hw_delay_counter                         0x100064ac   Data           4  hw_delay.o(.data)
    srand_seed                               0x100064b0   Data           4  sys_rand_num_gen.o(.data)
    le_mode                                  0x100064b4   Data           1  lslc_irq.o(.data)
    pka_op                                   0x100064b8   Data           4  lslc_irq.o(.data)
    pkd_op                                   0x100064bc   Data           4  lslc_irq.o(.data)
    Cache_JAL_COM_CTRL_IRQ_REG               0x100064c0   Data           4  lslc_irq.o(.data)
    update_transmit_window_num               0x100064cc   Data           1  le_connection.o(.data)
    continue_miss_packet_number              0x100064cd   Data           1  le_connection.o(.data)
    g_LE_Slave_IntraSlot                     0x100064ce   Data           2  le_connection.o(.data)
    have_get_no_crc_pkt                      0x100064d0   Data           4  le_connection.o(.data)
    wrong_connect_req_pkt                    0x100064d4   Data           4  le_connection.o(.data)
    after_rx_first_packet                    0x100064d8   Data           4  le_link_layer.o(.data)
    LL_Pdu_Decode_Handlers                   0x100064dc   Data          56  le_link_layer.o(.data)
    intraslot_offset                         0x10006528   Data           4  le_test.o(.data)
    g_sPcdTrsv                               0x1000652c   Data         513  cv520.o(.bss)
    g_sCard                                  0x1000672d   Data          15  cv520.o(.bss)
    g_cATS                                   0x1000673c   Data          32  cv520.o(.bss)
    g_sys_config                             0x1000675c   Data         164  sys_config.o(.bss)
    hci_event_headers                        0x10006800   Data         320  tra_queue.o(.bss)
    hci_command_headers                      0x10006940   Data         320  tra_queue.o(.bss)
    lmp_in_headers                           0x10006a80   Data         320  tra_queue.o(.bss)
    lmp_out_heaps                            0x10006bc0   Data          64  tra_queue.o(.bss)
    lmp_out_headers                          0x10006c00   Data         640  tra_queue.o(.bss)
    BTQueues                                 0x10006e80   Data         360  tra_queue.o(.bss)
    BTq_l2cap_in                             0x10006fe8   Data          16  tra_queue.o(.bss)
    BTq_l2cap_out                            0x10006ff8   Data          16  tra_queue.o(.bss)
    BTq_data_memory                          0x10007008   Data        1064  tra_queue.o(.bss)
    hc_flow_ctrl                             0x10007430   Data          28  hc_flow_control.o(.bss)
    LE_config                                0x1000744c   Data         140  le_config.o(.bss)
    g_LM_config_info                         0x100075b0   Data         184  lmp_config.o(.bss)
    u_int32_TX_buffer                        0x10007668   Data          48  le_advertise.o(.bss)
    u_int32_RX_buffer                        0x10007698   Data          48  le_advertise.o(.bss)
    LE_advertise                             0x100076c8   Data         104  le_advertise.o(.bss)
    u_int32_payload                          0x10007748   Data          40  le_test.o(.bss)
    __libspace_start                         0x10007770   Data          96  libspace.o(.bss)
    __temporary_stack_top$libspace           0x100077d0   Data           0  libspace.o(.bss)



==============================================================================

Memory Map of the image

  Image Entry point : 0x10000091

  Load Region LOAD (Base: 0x10000000, Size: 0x0000552c, Max: 0xffffffff, ABSOLUTE)

    Execution Region EXE (Exec base: 0x10000000, Load base: 0x10000000, Size: 0x00005428, Max: 0xffffffff, ABSOLUTE)

    Exec Addr    Load Addr    Size         Type   Attr      Idx    E Section Name        Object

    0x10000000   0x10000000   0x00000090   Data   RO           14    RESET               startup_xinc.o
    0x10000090   0x10000090   0x00000008   Code   RO         3957  * !!!main             c_p.l(__main.o)
    0x10000098   0x10000098   0x0000003c   Code   RO         4296    !!!scatter          c_p.l(__scatter.o)
    0x100000d4   0x100000d4   0x0000001a   Code   RO         4298    !!handler_copy      c_p.l(__scatter_copy.o)
    0x100000ee   0x100000ee   0x00000002   PAD
    0x100000f0   0x100000f0   0x0000001c   Code   RO         4300    !!handler_zi        c_p.l(__scatter_zi.o)
    0x1000010c   0x1000010c   0x00000002   Code   RO         3936    .ARM.Collect$$_printf_percent$$00000000  c_p.l(_printf_percent.o)
    0x1000010e   0x1000010e   0x0000000a   Code   RO         3934    .ARM.Collect$$_printf_percent$$0000000C  c_p.l(_printf_x.o)
    0x10000118   0x10000118   0x00000004   Code   RO         4030    .ARM.Collect$$_printf_percent$$00000017  c_p.l(_printf_percent_end.o)
    0x1000011c   0x1000011c   0x00000002   Code   RO         4159    .ARM.Collect$$libinit$$00000000  c_p.l(libinit.o)
    0x1000011e   0x1000011e   0x00000000   Code   RO         4181    .ARM.Collect$$libinit$$00000002  c_p.l(libinit2.o)
    0x1000011e   0x1000011e   0x00000000   Code   RO         4183    .ARM.Collect$$libinit$$00000004  c_p.l(libinit2.o)
    0x1000011e   0x1000011e   0x00000000   Code   RO         4186    .ARM.Collect$$libinit$$0000000A  c_p.l(libinit2.o)
    0x1000011e   0x1000011e   0x00000000   Code   RO         4188    .ARM.Collect$$libinit$$0000000C  c_p.l(libinit2.o)
    0x1000011e   0x1000011e   0x00000000   Code   RO         4190    .ARM.Collect$$libinit$$0000000E  c_p.l(libinit2.o)
    0x1000011e   0x1000011e   0x00000000   Code   RO         4193    .ARM.Collect$$libinit$$00000011  c_p.l(libinit2.o)
    0x1000011e   0x1000011e   0x00000000   Code   RO         4195    .ARM.Collect$$libinit$$00000013  c_p.l(libinit2.o)
    0x1000011e   0x1000011e   0x00000000   Code   RO         4197    .ARM.Collect$$libinit$$00000015  c_p.l(libinit2.o)
    0x1000011e   0x1000011e   0x00000000   Code   RO         4199    .ARM.Collect$$libinit$$00000017  c_p.l(libinit2.o)
    0x1000011e   0x1000011e   0x00000000   Code   RO         4201    .ARM.Collect$$libinit$$00000019  c_p.l(libinit2.o)
    0x1000011e   0x1000011e   0x00000000   Code   RO         4203    .ARM.Collect$$libinit$$0000001B  c_p.l(libinit2.o)
    0x1000011e   0x1000011e   0x00000000   Code   RO         4205    .ARM.Collect$$libinit$$0000001D  c_p.l(libinit2.o)
    0x1000011e   0x1000011e   0x00000000   Code   RO         4207    .ARM.Collect$$libinit$$0000001F  c_p.l(libinit2.o)
    0x1000011e   0x1000011e   0x00000000   Code   RO         4209    .ARM.Collect$$libinit$$00000021  c_p.l(libinit2.o)
    0x1000011e   0x1000011e   0x00000000   Code   RO         4211    .ARM.Collect$$libinit$$00000023  c_p.l(libinit2.o)
    0x1000011e   0x1000011e   0x00000000   Code   RO         4213    .ARM.Collect$$libinit$$00000025  c_p.l(libinit2.o)
    0x1000011e   0x1000011e   0x00000000   Code   RO         4217    .ARM.Collect$$libinit$$0000002C  c_p.l(libinit2.o)
    0x1000011e   0x1000011e   0x00000000   Code   RO         4219    .ARM.Collect$$libinit$$0000002E  c_p.l(libinit2.o)
    0x1000011e   0x1000011e   0x00000000   Code   RO         4221    .ARM.Collect$$libinit$$00000030  c_p.l(libinit2.o)
    0x1000011e   0x1000011e   0x00000000   Code   RO         4223    .ARM.Collect$$libinit$$00000032  c_p.l(libinit2.o)
    0x1000011e   0x1000011e   0x00000002   Code   RO         4224    .ARM.Collect$$libinit$$00000033  c_p.l(libinit2.o)
    0x10000120   0x10000120   0x00000002   Code   RO         4250    .ARM.Collect$$libshutdown$$00000000  c_p.l(libshutdown.o)
    0x10000122   0x10000122   0x00000000   Code   RO         4276    .ARM.Collect$$libshutdown$$00000002  c_p.l(libshutdown2.o)
    0x10000122   0x10000122   0x00000000   Code   RO         4278    .ARM.Collect$$libshutdown$$00000004  c_p.l(libshutdown2.o)
    0x10000122   0x10000122   0x00000000   Code   RO         4280    .ARM.Collect$$libshutdown$$00000006  c_p.l(libshutdown2.o)
    0x10000122   0x10000122   0x00000000   Code   RO         4283    .ARM.Collect$$libshutdown$$00000009  c_p.l(libshutdown2.o)
    0x10000122   0x10000122   0x00000000   Code   RO         4286    .ARM.Collect$$libshutdown$$0000000C  c_p.l(libshutdown2.o)
    0x10000122   0x10000122   0x00000000   Code   RO         4288    .ARM.Collect$$libshutdown$$0000000E  c_p.l(libshutdown2.o)
    0x10000122   0x10000122   0x00000000   Code   RO         4291    .ARM.Collect$$libshutdown$$00000011  c_p.l(libshutdown2.o)
    0x10000122   0x10000122   0x00000002   Code   RO         4292    .ARM.Collect$$libshutdown$$00000012  c_p.l(libshutdown2.o)
    0x10000124   0x10000124   0x00000000   Code   RO         3988    .ARM.Collect$$rtentry$$00000000  c_p.l(__rtentry.o)
    0x10000124   0x10000124   0x00000000   Code   RO         4083    .ARM.Collect$$rtentry$$00000002  c_p.l(__rtentry2.o)
    0x10000124   0x10000124   0x00000006   Code   RO         4095    .ARM.Collect$$rtentry$$00000004  c_p.l(__rtentry4.o)
    0x1000012a   0x1000012a   0x00000000   Code   RO         4085    .ARM.Collect$$rtentry$$00000009  c_p.l(__rtentry2.o)
    0x1000012a   0x1000012a   0x00000004   Code   RO         4086    .ARM.Collect$$rtentry$$0000000A  c_p.l(__rtentry2.o)
    0x1000012e   0x1000012e   0x00000000   Code   RO         4088    .ARM.Collect$$rtentry$$0000000C  c_p.l(__rtentry2.o)
    0x1000012e   0x1000012e   0x00000008   Code   RO         4089    .ARM.Collect$$rtentry$$0000000D  c_p.l(__rtentry2.o)
    0x10000136   0x10000136   0x00000002   Code   RO         4167    .ARM.Collect$$rtexit$$00000000  c_p.l(rtexit.o)
    0x10000138   0x10000138   0x00000000   Code   RO         4228    .ARM.Collect$$rtexit$$00000002  c_p.l(rtexit2.o)
    0x10000138   0x10000138   0x00000004   Code   RO         4229    .ARM.Collect$$rtexit$$00000003  c_p.l(rtexit2.o)
    0x1000013c   0x1000013c   0x00000006   Code   RO         4230    .ARM.Collect$$rtexit$$00000004  c_p.l(rtexit2.o)
    0x10000142   0x10000142   0x00000002   PAD
    0x10000144   0x10000144   0x00000038   Code   RO         3941    .emb_text           c_p.l(rt_memcpy.o)
    0x1000017c   0x1000017c   0x00000048   Code   RO           15    .text               startup_xinc.o
    0x100001c4   0x100001c4   0x00000002   Code   RO         3874    .text               c_p.l(use_no_semi.o)
    0x100001c6   0x100001c6   0x00000002   PAD
    0x100001c8   0x100001c8   0x0000001c   Code   RO         3880    .text               c_p.l(__2printf.o)
    0x100001e4   0x100001e4   0x0000004e   Code   RO         3886    .text               c_p.l(_printf_pad.o)
    0x10000232   0x10000232   0x00000002   PAD
    0x10000234   0x10000234   0x00000098   Code   RO         3910    .text               c_p.l(_printf_hex_int_ll_ptr.o)
    0x100002cc   0x100002cc   0x00000188   Code   RO         3930    .text               c_p.l(__printf_flags_ss_wp.o)
    0x10000454   0x10000454   0x00000082   Code   RO         3942    .text               c_p.l(rt_memcpy.o)
    0x100004d6   0x100004d6   0x00000040   Code   RO         3947    .text               c_p.l(rt_memclr.o)
    0x10000516   0x10000516   0x0000015a   Code   RO         3951    .text               c_p.l(aeabi_sdiv.o)
    0x10000670   0x10000670   0x00000006   Code   RO         3955    .text               c_p.l(heapauxi.o)
    0x10000676   0x10000676   0x00000002   PAD
    0x10000678   0x10000678   0x00000048   Code   RO         3964    .text               fz_ps.l(dfixui.o)
    0x100006c0   0x100006c0   0x00000058   Code   RO         3966    .text               fz_ps.l(dflti.o)
    0x10000718   0x10000718   0x00000248   Code   RO         3968    .text               fz_ps.l(dmul.o)
    0x10000960   0x10000960   0x000000b0   Code   RO         4001    .text               c_p.l(_printf_intcommon.o)
    0x10000a10   0x10000a10   0x00000028   Code   RO         4007    .text               c_p.l(_printf_char_file.o)
    0x10000a38   0x10000a38   0x00000030   Code   RO         4111    .text               c_p.l(_printf_char_common.o)
    0x10000a68   0x10000a68   0x00000008   Code   RO         4123    .text               c_p.l(libspace.o)
    0x10000a70   0x10000a70   0x0000003e   Code   RO         4126    .text               c_p.l(sys_stackheap_outer.o)
    0x10000aae   0x10000aae   0x00000010   Code   RO         4148    .text               c_p.l(exit.o)
    0x10000abe   0x10000abe   0x00000008   Code   RO         2977    i.BLE_Handler       Xinc_ble_sdk_nonlowpowerv1.2.lib(sys_irq.o)
    0x10000ac6   0x10000ac6   0x00000002   PAD
    0x10000ac8   0x10000ac8   0x000000fc   Code   RO         3139    i.BTq_Ack_Last_Dequeued  Xinc_ble_sdk_nonlowpowerv1.2.lib(tra_queue.o)
    0x10000bc4   0x10000bc4   0x00000034   Code   RO         3140    i.BTq_Commit        Xinc_ble_sdk_nonlowpowerv1.2.lib(tra_queue.o)
    0x10000bf8   0x10000bf8   0x00000178   Code   RO         3143    i.BTq_Enqueue       Xinc_ble_sdk_nonlowpowerv1.2.lib(tra_queue.o)
    0x10000d70   0x10000d70   0x00000014   Code   RO         3144    i.BTq_Get_Queue_Number_Of_Entries  Xinc_ble_sdk_nonlowpowerv1.2.lib(tra_queue.o)
    0x10000d84   0x10000d84   0x0000001c   Code   RO         3147    i.BTq_Get_and_Reset_Queue_Number_Of_Processed_Chunks  Xinc_ble_sdk_nonlowpowerv1.2.lib(tra_queue.o)
    0x10000da0   0x10000da0   0x0000001c   Code   RO         3150    i.BTq_Is_Queue_Empty  Xinc_ble_sdk_nonlowpowerv1.2.lib(tra_queue.o)
    0x10000dbc   0x10000dbc   0x00000068   Code   RO         3151    i.BTq_LE_Dequeue_Next  Xinc_ble_sdk_nonlowpowerv1.2.lib(tra_queue.o)
    0x10000e24   0x10000e24   0x00000040   Code   RO         3152    i.BTq_Reduce_Queue_Number_Of_Processed_Chunks  Xinc_ble_sdk_nonlowpowerv1.2.lib(tra_queue.o)
    0x10000e64   0x10000e64   0x00000084   Code   RO         3153    i.BTq_Reset         Xinc_ble_sdk_nonlowpowerv1.2.lib(tra_queue.o)
    0x10000ee8   0x10000ee8   0x0000001c   Code   RO         2936    i.BTtimer_Is_Expired_For_Time  Xinc_ble_sdk_nonlowpowerv1.2.lib(bt_timer.o)
    0x10000f04   0x10000f04   0x00000010   Code   RO         2938    i.BTtimer_Set_Ticks  Xinc_ble_sdk_nonlowpowerv1.2.lib(bt_timer.o)
    0x10000f14   0x10000f14   0x0000009a   Code   RO         1715    i.Buzzer_Beep       buzzer.o
    0x10000fae   0x10000fae   0x00000020   Code   RO         1716    i.Buzzer_Init       buzzer.o
    0x10000fce   0x10000fce   0x00000002   PAD
    0x10000fd0   0x10000fd0   0x00000030   Code   RO          135    i.CV520_Init        cv520.o
    0x10001000   0x10001000   0x00000100   Code   RO          136    i.CV520_Read_Card   cv520.o
    0x10001100   0x10001100   0x000000bc   Code   RO          137    i.CV520_SPI_Init    cv520.o
    0x100011bc   0x100011bc   0x00000016   Code   RO          138    i.ClearBitMask      cv520.o
    0x100011d2   0x100011d2   0x00000002   PAD
    0x100011d4   0x100011d4   0x0000001c   Code   RO         1687    i.Delay_ms          m0_delay.o
    0x100011f0   0x100011f0   0x0000001c   Code   RO         1688    i.Delay_s           m0_delay.o
    0x1000120c   0x1000120c   0x00000028   Code   RO         1689    i.Delay_us          m0_delay.o
    0x10001234   0x10001234   0x0000005c   Code   RO         1217    i.GPIO_Handler      bsp_gpio.o
    0x10001290   0x10001290   0x000000b4   Code   RO         3270    i.HCeg_Generate_Event  Xinc_ble_sdk_nonlowpowerv1.2.lib(hc_event_gen.o)
    0x10001344   0x10001344   0x0000001e   Code   RO         3271    i.HCeg_Hardware_Error_Event  Xinc_ble_sdk_nonlowpowerv1.2.lib(hc_event_gen.o)
    0x10001362   0x10001362   0x00000002   PAD
    0x10001364   0x10001364   0x00000020   Code   RO         3274    i.HCeg_Is_Event_Masked_On  Xinc_ble_sdk_nonlowpowerv1.2.lib(hc_event_gen.o)
    0x10001384   0x10001384   0x00000026   Code   RO         3276    i.HCeg_Prevent_HCI_Event_Queue_from_Overfill  Xinc_ble_sdk_nonlowpowerv1.2.lib(hc_event_gen.o)
    0x100013aa   0x100013aa   0x00000002   PAD
    0x100013ac   0x100013ac   0x00000028   Code   RO         3309    i.HCfc_Release_All_Data_Queue_Packets  Xinc_ble_sdk_nonlowpowerv1.2.lib(hc_flow_control.o)
    0x100013d4   0x100013d4   0x00000014   Code   RO         3190    i.HW_Get_Bt_Clk_Avoid_Race  Xinc_ble_sdk_nonlowpowerv1.2.lib(hw_lc.o)
    0x100013e8   0x100013e8   0x0000001c   Code   RO         3191    i.HW_Get_Native_Clk_Avoid_Race  Xinc_ble_sdk_nonlowpowerv1.2.lib(hw_lc.o)
    0x10001404   0x10001404   0x00000018   Code   RO         3361    i.HW_set_rx_mode    Xinc_ble_sdk_nonlowpowerv1.2.lib(le_connection.o)
    0x1000141c   0x1000141c   0x00000018   Code   RO         3676    i.HW_set_rx_mode    Xinc_ble_sdk_nonlowpowerv1.2.lib(le_advertise.o)
    0x10001434   0x10001434   0x00000018   Code   RO         3819    i.HW_set_rx_mode    Xinc_ble_sdk_nonlowpowerv1.2.lib(le_test.o)
    0x1000144c   0x1000144c   0x00000018   Code   RO         3362    i.HW_set_slave      Xinc_ble_sdk_nonlowpowerv1.2.lib(le_connection.o)
    0x10001464   0x10001464   0x00000018   Code   RO         3677    i.HW_set_slave      Xinc_ble_sdk_nonlowpowerv1.2.lib(le_advertise.o)
    0x1000147c   0x1000147c   0x00000018   Code   RO         3820    i.HW_set_slave      Xinc_ble_sdk_nonlowpowerv1.2.lib(le_test.o)
    0x10001494   0x10001494   0x00000024   Code   RO         2550    i.HWdelay_Wait_For_Serial_Interface_Busy_us  Xinc_ble_sdk_nonlowpowerv1.2.lib(hw_delay.o)
    0x100014b8   0x100014b8   0x00000040   Code   RO         2551    i.HWdelay_Wait_For_Serial_Interface_Idle  Xinc_ble_sdk_nonlowpowerv1.2.lib(hw_delay.o)
    0x100014f8   0x100014f8   0x00000024   Code   RO         2553    i.HWdelay_Wait_For_us  Xinc_ble_sdk_nonlowpowerv1.2.lib(hw_delay.o)
    0x1000151c   0x1000151c   0x00000018   Code   RO         1741    i.HWhab_Set_Rx_Mode  Xinc_ble_sdk_nonlowpowerv1.2.lib(hw_radio.o)
    0x10001534   0x10001534   0x00000018   Code   RO         3363    i.HWle_abort_tifs_count  Xinc_ble_sdk_nonlowpowerv1.2.lib(le_connection.o)
    0x1000154c   0x1000154c   0x00000018   Code   RO         3678    i.HWle_abort_tifs_count  Xinc_ble_sdk_nonlowpowerv1.2.lib(le_advertise.o)
    0x10001564   0x10001564   0x00000010   Code   RO         3679    i.HWle_clear_le_spi_only  Xinc_ble_sdk_nonlowpowerv1.2.lib(le_advertise.o)
    0x10001574   0x10001574   0x00000010   Code   RO         3680    i.HWle_clear_tx_enable  Xinc_ble_sdk_nonlowpowerv1.2.lib(le_advertise.o)
    0x10001584   0x10001584   0x00000010   Code   RO         3821    i.HWle_clear_tx_enable  Xinc_ble_sdk_nonlowpowerv1.2.lib(le_test.o)
    0x10001594   0x10001594   0x00000018   Code   RO         3364    i.HWle_set_aes_llid  Xinc_ble_sdk_nonlowpowerv1.2.lib(le_connection.o)
    0x100015ac   0x100015ac   0x00000018   Code   RO         3365    i.HWle_set_aes_mode  Xinc_ble_sdk_nonlowpowerv1.2.lib(le_connection.o)
    0x100015c4   0x100015c4   0x00000018   Code   RO         3366    i.HWle_set_aes_pkt_length  Xinc_ble_sdk_nonlowpowerv1.2.lib(le_connection.o)
    0x100015dc   0x100015dc   0x00000018   Code   RO         3367    i.HWle_set_rx_mode  Xinc_ble_sdk_nonlowpowerv1.2.lib(le_connection.o)
    0x100015f4   0x100015f4   0x00000018   Code   RO         3368    i.HWle_set_tx_length_data  Xinc_ble_sdk_nonlowpowerv1.2.lib(le_connection.o)
    0x1000160c   0x1000160c   0x00000018   Code   RO         3369    i.HWle_set_tx_llid  Xinc_ble_sdk_nonlowpowerv1.2.lib(le_connection.o)
    0x10001624   0x10001624   0x00000018   Code   RO         1743    i.HWradio_DisableAllSpiWrites  Xinc_ble_sdk_nonlowpowerv1.2.lib(hw_radio.o)
    0x1000163c   0x1000163c   0x00000004   Code   RO         1745    i.HWradio_LE_Read_RSSI  Xinc_ble_sdk_nonlowpowerv1.2.lib(hw_radio.o)
    0x10001640   0x10001640   0x00000040   Code   RO         1746    i.HWradio_LE_RxComplete  Xinc_ble_sdk_nonlowpowerv1.2.lib(hw_radio.o)
    0x10001680   0x10001680   0x0000039c   Code   RO         1747    i.HWradio_LE_Service  Xinc_ble_sdk_nonlowpowerv1.2.lib(hw_radio.o)
    0x10001a1c   0x10001a1c   0x0000000c   Code   RO         1748    i.HWradio_LE_Set_Active_Mode  Xinc_ble_sdk_nonlowpowerv1.2.lib(hw_radio.o)
    0x10001a28   0x10001a28   0x00000014   Code   RO         1749    i.HWradio_LE_Setup_Radio_For_Next_TXRX  Xinc_ble_sdk_nonlowpowerv1.2.lib(hw_radio.o)
    0x10001a3c   0x10001a3c   0x00000038   Code   RO         1750    i.HWradio_LE_TxComplete  Xinc_ble_sdk_nonlowpowerv1.2.lib(hw_radio.o)
    0x10001a74   0x10001a74   0x00000020   Code   RO         1221    i.IO_Read           bsp_gpio.o
    0x10001a94   0x10001a94   0x00000068   Code   RO          234    i.ISO14443A_Rst     iso14443.o
    0x10001afc   0x10001afc   0x00000004   Code   RO         3238    i.LC_Sleep          Xinc_ble_sdk_nonlowpowerv1.2.lib(lc_interface.o)
    0x10001b00   0x10001b00   0x00000016   Code   RO         1647    i.LED1              led.o
    0x10001b16   0x10001b16   0x00000002   PAD
    0x10001b18   0x10001b18   0x00000094   Code   RO         3370    i.LE_Connection_Extact_Connection_Req_Parameters  Xinc_ble_sdk_nonlowpowerv1.2.lib(le_connection.o)
    0x10001bac   0x10001bac   0x000000d0   Code   RO         3461    i.LE_LL_Connection_Update_Req  Xinc_ble_sdk_nonlowpowerv1.2.lib(le_link_layer.o)
    0x10001c7c   0x10001c7c   0x00000364   Code   RO         3371    i.LE_LL_Ctrl_Handle_Connection_Event  Xinc_ble_sdk_nonlowpowerv1.2.lib(le_connection.o)
    0x10001fe0   0x10001fe0   0x000000cc   Code   RO         3462    i.LE_LL_Ctrl_Handle_LE_IRQ  Xinc_ble_sdk_nonlowpowerv1.2.lib(le_link_layer.o)
    0x100020ac   0x100020ac   0x0000014c   Code   RO         3463    i.LE_LL_Enc_Req     Xinc_ble_sdk_nonlowpowerv1.2.lib(le_link_layer.o)
    0x100021f8   0x100021f8   0x0000002c   Code   RO         3465    i.LE_LL_Feature_Req  Xinc_ble_sdk_nonlowpowerv1.2.lib(le_link_layer.o)
    0x10002224   0x10002224   0x00000078   Code   RO         3467    i.LE_LL_Handle_LLC_Ack  Xinc_ble_sdk_nonlowpowerv1.2.lib(le_link_layer.o)
    0x1000229c   0x1000229c   0x00000044   Code   RO         3468    i.LE_LL_InactiveSlots  Xinc_ble_sdk_nonlowpowerv1.2.lib(le_link_layer.o)
    0x100022e0   0x100022e0   0x0000004e   Code   RO         3469    i.LE_LL_Pause_Enc_Req  Xinc_ble_sdk_nonlowpowerv1.2.lib(le_link_layer.o)
    0x1000232e   0x1000232e   0x00000052   Code   RO         3470    i.LE_LL_Pause_Enc_Rsp  Xinc_ble_sdk_nonlowpowerv1.2.lib(le_link_layer.o)
    0x10002380   0x10002380   0x000000a6   Code   RO         3471    i.LE_LL_Reject_Ind  Xinc_ble_sdk_nonlowpowerv1.2.lib(le_link_layer.o)
    0x10002426   0x10002426   0x00000002   PAD
    0x10002428   0x10002428   0x00000024   Code   RO         3473    i.LE_LL_Set_Adv_Header  Xinc_ble_sdk_nonlowpowerv1.2.lib(le_link_layer.o)
    0x1000244c   0x1000244c   0x0000001c   Code   RO         3474    i.LE_LL_Sleep       Xinc_ble_sdk_nonlowpowerv1.2.lib(le_link_layer.o)
    0x10002468   0x10002468   0x00000080   Code   RO         3476    i.LE_LL_Start_Enc_Rsp  Xinc_ble_sdk_nonlowpowerv1.2.lib(le_link_layer.o)
    0x100024e8   0x100024e8   0x00000010   Code   RO         3477    i.LE_LL_Terminate_Ind  Xinc_ble_sdk_nonlowpowerv1.2.lib(le_link_layer.o)
    0x100024f8   0x100024f8   0x00000010   Code   RO         3478    i.LE_LL_UnSupported_Pdu  Xinc_ble_sdk_nonlowpowerv1.2.lib(le_link_layer.o)
    0x10002508   0x10002508   0x000000bc   Code   RO         3479    i.LE_LL_Unknown_Rsp  Xinc_ble_sdk_nonlowpowerv1.2.lib(le_link_layer.o)
    0x100025c4   0x100025c4   0x000000aa   Code   RO         3480    i.LE_LL_Version_Ind  Xinc_ble_sdk_nonlowpowerv1.2.lib(le_link_layer.o)
    0x1000266e   0x1000266e   0x00000002   PAD
    0x10002670   0x10002670   0x000000fc   Code   RO         3682    i.LEadv_Advertising_Event_Begin  Xinc_ble_sdk_nonlowpowerv1.2.lib(le_advertise.o)
    0x1000276c   0x1000276c   0x00000024   Code   RO         3683    i.LEadv_Disable_Connectable_Advertising  Xinc_ble_sdk_nonlowpowerv1.2.lib(le_advertise.o)
    0x10002790   0x10002790   0x0000002c   Code   RO         3684    i.LEadv_Encode_Own_Address_In_Payload  Xinc_ble_sdk_nonlowpowerv1.2.lib(le_advertise.o)
    0x100027bc   0x100027bc   0x00000008   Code   RO         3692    i.LEadv_Get_Direct_Adv_Address  Xinc_ble_sdk_nonlowpowerv1.2.lib(le_advertise.o)
    0x100027c4   0x100027c4   0x0000000c   Code   RO         3693    i.LEadv_Get_Direct_Adv_Type  Xinc_ble_sdk_nonlowpowerv1.2.lib(le_advertise.o)
    0x100027d0   0x100027d0   0x00000038   Code   RO         3695    i.LEadv_Get_Slots_To_Next_Advertising_Timer  Xinc_ble_sdk_nonlowpowerv1.2.lib(le_advertise.o)
    0x10002808   0x10002808   0x00000228   Code   RO         3696    i.LEadv_Handle_Advertising  Xinc_ble_sdk_nonlowpowerv1.2.lib(le_advertise.o)
    0x10002a30   0x10002a30   0x00000024   Code   RO         3698    i.LEadv_Is_Next_Adv_Due  Xinc_ble_sdk_nonlowpowerv1.2.lib(le_advertise.o)
    0x10002a54   0x10002a54   0x00000098   Code   RO         3699    i.LEadv_Prep_For_LE_Advert_Tx  Xinc_ble_sdk_nonlowpowerv1.2.lib(le_advertise.o)
    0x10002aec   0x10002aec   0x00000040   Code   RO         3700    i.LEadv_Prep_For_LE_Scan_Resp_Tx  Xinc_ble_sdk_nonlowpowerv1.2.lib(le_advertise.o)
    0x10002b2c   0x10002b2c   0x00000034   Code   RO         3701    i.LEadv_Reset_Adv_Frequency  Xinc_ble_sdk_nonlowpowerv1.2.lib(le_advertise.o)
    0x10002b60   0x10002b60   0x00000038   Code   RO         3702    i.LEadv_Set_Adv_Header  Xinc_ble_sdk_nonlowpowerv1.2.lib(le_advertise.o)
    0x10002b98   0x10002b98   0x00000080   Code   RO         3703    i.LEadv_Set_Advertise_Enable  Xinc_ble_sdk_nonlowpowerv1.2.lib(le_advertise.o)
    0x10002c18   0x10002c18   0x00000034   Code   RO         3710    i.LEadv_Try_Advance_Adv_Frequency  Xinc_ble_sdk_nonlowpowerv1.2.lib(le_advertise.o)
    0x10002c4c   0x10002c4c   0x00000020   Code   RO         3711    i.LEadv_Write_Adv_Data  Xinc_ble_sdk_nonlowpowerv1.2.lib(le_advertise.o)
    0x10002c6c   0x10002c6c   0x0000006c   Code   RO         3712    i.LEadv_Write_Scan_Resp_Data  Xinc_ble_sdk_nonlowpowerv1.2.lib(le_advertise.o)
    0x10002cd8   0x10002cd8   0x0000002c   Code   RO         3327    i.LEconfig_Allocate_Link_Id  Xinc_ble_sdk_nonlowpowerv1.2.lib(le_config.o)
    0x10002d04   0x10002d04   0x00000018   Code   RO         3329    i.LEconfig_Free_Link_Id  Xinc_ble_sdk_nonlowpowerv1.2.lib(le_config.o)
    0x10002d1c   0x10002d1c   0x00000008   Code   RO         3330    i.LEconfig_Get_LE_Features_Ref  Xinc_ble_sdk_nonlowpowerv1.2.lib(le_config.o)
    0x10002d24   0x10002d24   0x00000004   Code   RO         3332    i.LEconfig_Is_Features_Encryption_Supported  Xinc_ble_sdk_nonlowpowerv1.2.lib(le_config.o)
    0x10002d28   0x10002d28   0x00000074   Code   RO         3374    i.LEconnection_Connection_Update  Xinc_ble_sdk_nonlowpowerv1.2.lib(le_connection.o)
    0x10002d9c   0x10002d9c   0x00000150   Code   RO         3377    i.LEconnection_Encrypt_Payload  Xinc_ble_sdk_nonlowpowerv1.2.lib(le_connection.o)
    0x10002eec   0x10002eec   0x00000010   Code   RO         3379    i.LEconnection_Find_Link_Entry  Xinc_ble_sdk_nonlowpowerv1.2.lib(le_connection.o)
    0x10002efc   0x10002efc   0x0000005c   Code   RO         3381    i.LEconnection_Find_Next_Connection_Event  Xinc_ble_sdk_nonlowpowerv1.2.lib(le_connection.o)
    0x10002f58   0x10002f58   0x00000114   Code   RO         3383    i.LEconnection_Handle_Connection_Event  Xinc_ble_sdk_nonlowpowerv1.2.lib(le_connection.o)
    0x1000306c   0x1000306c   0x00000022   Code   RO         3387    i.LEconnection_Local_Disconnect  Xinc_ble_sdk_nonlowpowerv1.2.lib(le_connection.o)
    0x1000308e   0x1000308e   0x00000002   PAD
    0x10003090   0x10003090   0x00000050   Code   RO         3389    i.LEconnection_Set_HW_Pkt_Counter  Xinc_ble_sdk_nonlowpowerv1.2.lib(le_connection.o)
    0x100030e0   0x100030e0   0x00000058   Code   RO         3390    i.LEconnection_Setup_First_Connection_Event  Xinc_ble_sdk_nonlowpowerv1.2.lib(le_connection.o)
    0x10003138   0x10003138   0x00000048   Code   RO         3395    i.LEconnection_Update_Next_Slave_Connection_Event_Time  Xinc_ble_sdk_nonlowpowerv1.2.lib(le_connection.o)
    0x10003180   0x10003180   0x00000018   Code   RO         3340    i.LEconnections_Link_In_Use  Xinc_ble_sdk_nonlowpowerv1.2.lib(le_config.o)
    0x10003198   0x10003198   0x00000188   Code   RO         3398    i.LEeventgen_Generate_LE_Meta_Event  Xinc_ble_sdk_nonlowpowerv1.2.lib(le_connection.o)
    0x10003320   0x10003320   0x0000003e   Code   RO         3761    i.LEfreq_Get_Next_Data_Channel_Frequency  Xinc_ble_sdk_nonlowpowerv1.2.lib(le_frequency.o)
    0x1000335e   0x1000335e   0x0000002e   Code   RO         3762    i.LEfreq_Map_Channel_Index_2_RF_Freq  Xinc_ble_sdk_nonlowpowerv1.2.lib(le_frequency.o)
    0x1000338c   0x1000338c   0x0000002e   Code   RO         3764    i.LEfreq_Update_Channel_Map  Xinc_ble_sdk_nonlowpowerv1.2.lib(le_frequency.o)
    0x100033ba   0x100033ba   0x00000002   PAD
    0x100033bc   0x100033bc   0x00000050   Code   RO         3765    i.LEfreq_Update_Channel_Map_Req  Xinc_ble_sdk_nonlowpowerv1.2.lib(le_frequency.o)
    0x1000340c   0x1000340c   0x00000040   Code   RO         3766    i.LEfreq_Update_Channel_Remapping_Table  Xinc_ble_sdk_nonlowpowerv1.2.lib(le_frequency.o)
    0x1000344c   0x1000344c   0x000000b4   Code   RO         3481    i.LEll_Decode_Advertising_ChannelPDU  Xinc_ble_sdk_nonlowpowerv1.2.lib(le_link_layer.o)
    0x10003500   0x10003500   0x00000074   Code   RO         3482    i.LEll_Encode_Advertising_ChannelPDU  Xinc_ble_sdk_nonlowpowerv1.2.lib(le_link_layer.o)
    0x10003574   0x10003574   0x00000188   Code   RO         3399    i.LEllc_Encode_PDU  Xinc_ble_sdk_nonlowpowerv1.2.lib(le_connection.o)
    0x100036fc   0x100036fc   0x0000013c   Code   RO         3822    i.LEtest_Ctrl_Handle_Test_Mode_Event  Xinc_ble_sdk_nonlowpowerv1.2.lib(le_test.o)
    0x10003838   0x10003838   0x0000009c   Code   RO         3825    i.LEtest_Test_Event_Begin  Xinc_ble_sdk_nonlowpowerv1.2.lib(le_test.o)
    0x100038d4   0x100038d4   0x00000034   Code   RO         3644    i.LMpol_Sleep       Xinc_ble_sdk_nonlowpowerv1.2.lib(lmp_link_policy.o)
    0x10003908   0x10003908   0x00000010   Code   RO         3617    i.LMutils_Array_Copy  Xinc_ble_sdk_nonlowpowerv1.2.lib(lmp_utils.o)
    0x10003918   0x10003918   0x0000000c   Code   RO         3620    i.LMutils_Get_Uint16  Xinc_ble_sdk_nonlowpowerv1.2.lib(lmp_utils.o)
    0x10003924   0x10003924   0x00000016   Code   RO         3622    i.LMutils_Get_Uint32  Xinc_ble_sdk_nonlowpowerv1.2.lib(lmp_utils.o)
    0x1000393a   0x1000393a   0x00000008   Code   RO         3624    i.LMutils_Set_Uint16  Xinc_ble_sdk_nonlowpowerv1.2.lib(lmp_utils.o)
    0x10003942   0x10003942   0x00000002   PAD
    0x10003944   0x10003944   0x00000024   Code   RO         3215    i.LSLCirq_Disable_All_Tim_Intr_Except  Xinc_ble_sdk_nonlowpowerv1.2.lib(lslc_irq.o)
    0x10003968   0x10003968   0x0000015c   Code   RO         3219    i.LSLCirq_IRQ_Handler  Xinc_ble_sdk_nonlowpowerv1.2.lib(lslc_irq.o)
    0x10003ac4   0x10003ac4   0x00000002   Code   RO         3648    i.LSLCslot_Handle_AUX_TIM  Xinc_ble_sdk_nonlowpowerv1.2.lib(lslc_slot.o)
    0x10003ac6   0x10003ac6   0x0000001a   Code   RO          139    i.PcdAntenna_CV520  cv520.o
    0x10003ae0   0x10003ae0   0x0000010c   Code   RO          140    i.PcdConfig         cv520.o
    0x10003bec   0x10003bec   0x00000060   Code   RO          141    i.PcdReset_CV520    cv520.o
    0x10003c4c   0x10003c4c   0x00000066   Code   RO          143    i.PcdSetTmo_CV520   cv520.o
    0x10003cb2   0x10003cb2   0x00000002   PAD
    0x10003cb4   0x10003cb4   0x000001b4   Code   RO          144    i.PcdTransceive     cv520.o
    0x10003e68   0x10003e68   0x00000054   Code   RO          236    i.PiccAnticoll      iso14443.o
    0x10003ebc   0x10003ebc   0x00000082   Code   RO          237    i.PiccAnticollSelect  iso14443.o
    0x10003f3e   0x10003f3e   0x00000002   PAD
    0x10003f40   0x10003f40   0x00000048   Code   RO          239    i.PiccCaluINF       iso14443.o
    0x10003f88   0x10003f88   0x00000024   Code   RO          240    i.PiccHaltA         iso14443.o
    0x10003fac   0x10003fac   0x00000060   Code   RO          242    i.PiccRequest       iso14443.o
    0x1000400c   0x1000400c   0x0000001c   Code   RO          243    i.PiccReset         iso14443.o
    0x10004028   0x10004028   0x00000058   Code   RO          245    i.PiccSelect        iso14443.o
    0x10004080   0x10004080   0x00000040   Code   RO          247    i.PiccTypeA_Rst     iso14443.o
    0x100040c0   0x100040c0   0x00000082   Code   RO          145    i.Read_CV520        cv520.o
    0x10004142   0x10004142   0x00000012   Code   RO         1754    i.SER_WRITE         Xinc_ble_sdk_nonlowpowerv1.2.lib(hw_radio.o)
    0x10004154   0x10004154   0x00000074   Code   RO         1651    i.SLED_Init         led.o
    0x100041c8   0x100041c8   0x00000018   Code   RO         3154    i.SYSatomic_Increment_u_int8  Xinc_ble_sdk_nonlowpowerv1.2.lib(tra_queue.o)
    0x100041e0   0x100041e0   0x0000000a   Code   RO         2980    i.SYSirq_Disable_Interrupts_Save_Flags  Xinc_ble_sdk_nonlowpowerv1.2.lib(sys_irq.o)
    0x100041ea   0x100041ea   0x00000006   Code   RO         2985    i.SYSirq_Interrupts_Restore_Flags  Xinc_ble_sdk_nonlowpowerv1.2.lib(sys_irq.o)
    0x100041f0   0x100041f0   0x00000010   Code   RO         3125    i.SYSrand_Get_Rand  Xinc_ble_sdk_nonlowpowerv1.2.lib(sys_rand_num_gen.o)
    0x10004200   0x10004200   0x00000026   Code   RO         3126    i.SYSrand_Get_Rand_128_Ex  Xinc_ble_sdk_nonlowpowerv1.2.lib(sys_rand_num_gen.o)
    0x10004226   0x10004226   0x00000002   PAD
    0x10004228   0x10004228   0x00000038   Code   RO         3129    i.SYSrand_Get_Rand_R  Xinc_ble_sdk_nonlowpowerv1.2.lib(sys_rand_num_gen.o)
    0x10004260   0x10004260   0x0000001c   Code   RO          146    i.SetBitMask_CV520  cv520.o
    0x1000427c   0x1000427c   0x00000014   Code   RO         1567    i.SysTick_Handler   bsp_systick.o
    0x10004290   0x10004290   0x00000014   Code   RO           20    i.SystemInit        system_xinc.o
    0x100042a4   0x100042a4   0x00000028   Code   RO         1316    i.UART0_Handler     bsp_uart.o
    0x100042cc   0x100042cc   0x00000028   Code   RO         1317    i.UART1_Handler     bsp_uart.o
    0x100042f4   0x100042f4   0x00000086   Code   RO          147    i.Write_CV520       cv520.o
    0x1000437a   0x1000437a   0x0000001e   Code   RO         3155    i._BTq_Allocate_Header  Xinc_ble_sdk_nonlowpowerv1.2.lib(tra_queue.o)
    0x10004398   0x10004398   0x0000001c   Code   RO         3156    i._BTq_Deallocate_Header  Xinc_ble_sdk_nonlowpowerv1.2.lib(tra_queue.o)
    0x100043b4   0x100043b4   0x0000001c   Code   RO         3157    i._BTq_Get_Data_Queue_Ref  Xinc_ble_sdk_nonlowpowerv1.2.lib(tra_queue.o)
    0x100043d0   0x100043d0   0x00000014   Code   RO         3159    i._BTq_Initialise_Data_Queue  Xinc_ble_sdk_nonlowpowerv1.2.lib(tra_queue.o)
    0x100043e4   0x100043e4   0x00000050   Code   RO         3160    i._BTq_Initialise_Variable_Chunk_Queue  Xinc_ble_sdk_nonlowpowerv1.2.lib(tra_queue.o)
    0x10004434   0x10004434   0x0000003c   Code   RO         1765    i._HWradio_ProgNow_xinc  Xinc_ble_sdk_nonlowpowerv1.2.lib(hw_radio.o)
    0x10004470   0x10004470   0x00000010   Code   RO         1767    i._HWradio_SetGios_FullRx  Xinc_ble_sdk_nonlowpowerv1.2.lib(hw_radio.o)
    0x10004480   0x10004480   0x00000018   Code   RO         1768    i._HWradio_SetGios_LE_TIFS_TxRx  Xinc_ble_sdk_nonlowpowerv1.2.lib(hw_radio.o)
    0x10004498   0x10004498   0x0000002c   Code   RO         1769    i._HWradio_SetGios_Standby  Xinc_ble_sdk_nonlowpowerv1.2.lib(hw_radio.o)
    0x100044c4   0x100044c4   0x00000008   Code   RO         3279    i._Insert_Uint16    Xinc_ble_sdk_nonlowpowerv1.2.lib(hc_event_gen.o)
    0x100044cc   0x100044cc   0x00000034   Code   RO         3713    i._LEadv_Advance_For_Next_Adv_Tx  Xinc_ble_sdk_nonlowpowerv1.2.lib(le_advertise.o)
    0x10004500   0x10004500   0x00000128   Code   RO         3714    i._LEadv_Advertising_Event_Complete  Xinc_ble_sdk_nonlowpowerv1.2.lib(le_advertise.o)
    0x10004628   0x10004628   0x0000003c   Code   RO         3715    i._LEadv_Set_Next_Advertising_Event_Start_Timer  Xinc_ble_sdk_nonlowpowerv1.2.lib(le_advertise.o)
    0x10004664   0x10004664   0x000001a4   Code   RO         3400    i._LEconnection_Close_Connection_Event  Xinc_ble_sdk_nonlowpowerv1.2.lib(le_connection.o)
    0x10004808   0x10004808   0x00000180   Code   RO         3401    i._LEconnection_Decode_DataPDU  Xinc_ble_sdk_nonlowpowerv1.2.lib(le_connection.o)
    0x10004988   0x10004988   0x00000148   Code   RO         3403    i._LEconnection_Encode_DataPDU  Xinc_ble_sdk_nonlowpowerv1.2.lib(le_connection.o)
    0x10004ad0   0x10004ad0   0x00000010   Code   RO         3404    i._LEconnection_Free_Connection  Xinc_ble_sdk_nonlowpowerv1.2.lib(le_connection.o)
    0x10004ae0   0x10004ae0   0x0000006a   Code   RO         3405    i._LEconnection_Reset_Connection  Xinc_ble_sdk_nonlowpowerv1.2.lib(le_connection.o)
    0x10004b4a   0x10004b4a   0x00000002   PAD
    0x10004b4c   0x10004b4c   0x00000020   Code   RO         3828    i._LEtest_Packet_Send_Complete  Xinc_ble_sdk_nonlowpowerv1.2.lib(le_test.o)
    0x10004b6c   0x10004b6c   0x00000020   Code   RO         3829    i._LEtest_Prep_For_LE_Test_Rx  Xinc_ble_sdk_nonlowpowerv1.2.lib(le_test.o)
    0x10004b8c   0x10004b8c   0x00000020   Code   RO         3830    i._LEtest_Prep_For_LE_Test_Tx  Xinc_ble_sdk_nonlowpowerv1.2.lib(le_test.o)
    0x10004bac   0x10004bac   0x0000003c   Code   RO         3831    i._LEtest_Set_Test_Mode_Header  Xinc_ble_sdk_nonlowpowerv1.2.lib(le_test.o)
    0x10004be8   0x10004be8   0x00000078   Code   RO         3832    i._LEtest_Test_Event_Complete  Xinc_ble_sdk_nonlowpowerv1.2.lib(le_test.o)
    0x10004c60   0x10004c60   0x0000001a   Code   RO          224    i.__ARM_common_switch8  cv520.o
    0x10004c7a   0x10004c7a   0x0000000e   Code   RO         3923    i._is_digit         c_p.l(__printf_wp.o)
    0x10004c88   0x10004c88   0x00000002   Code   RO         1406    i._sys_exit         bsp_retarget.o
    0x10004c8a   0x10004c8a   0x00000002   PAD
    0x10004c8c   0x10004c8c   0x0000000c   Code   RO         1813    i.ble_tick_handler  Xinc_ble_sdk_nonlowpowerv1.2.lib(btstack_tick.o)
    0x10004c98   0x10004c98   0x00000002   Code   RO         1814    i.dummy_handler     Xinc_ble_sdk_nonlowpowerv1.2.lib(btstack_tick.o)
    0x10004c9a   0x10004c9a   0x00000006   Code   RO         1408    i.ferror            bsp_retarget.o
    0x10004ca0   0x10004ca0   0x00000008   Code   RO         1409    i.fputc             bsp_retarget.o
    0x10004ca8   0x10004ca8   0x000000a8   Code   RO         1224    i.gpio_direction_input  bsp_gpio.o
    0x10004d50   0x10004d50   0x0000001c   Code   RO         1225    i.gpio_direction_output  bsp_gpio.o
    0x10004d6c   0x10004d6c   0x00000068   Code   RO         1226    i.gpio_fun_inter    bsp_gpio.o
    0x10004dd4   0x10004dd4   0x00000058   Code   RO         1227    i.gpio_fun_sel      bsp_gpio.o
    0x10004e2c   0x10004e2c   0x00000028   Code   RO         1228    i.gpio_mux_ctl      bsp_gpio.o
    0x10004e54   0x10004e54   0x0000001c   Code   RO         1229    i.gpio_output_high  bsp_gpio.o
    0x10004e70   0x10004e70   0x0000001c   Code   RO         1230    i.gpio_output_low   bsp_gpio.o
    0x10004e8c   0x10004e8c   0x00000014   Code   RO         2464    i.hci_dump_enable_log_level  Xinc_ble_sdk_nonlowpowerv1.2.lib(hci_dump.o)
    0x10004ea0   0x10004ea0   0x00000014   Code   RO         3406    i.hw_memcpy32       Xinc_ble_sdk_nonlowpowerv1.2.lib(le_connection.o)
    0x10004eb4   0x10004eb4   0x00000014   Code   RO         3484    i.hw_memcpy32       Xinc_ble_sdk_nonlowpowerv1.2.lib(le_link_layer.o)
    0x10004ec8   0x10004ec8   0x00000014   Code   RO         3716    i.hw_memcpy32       Xinc_ble_sdk_nonlowpowerv1.2.lib(le_advertise.o)
    0x10004edc   0x10004edc   0x00000030   Code   RO           30    i.main              main.o
    0x10004f0c   0x10004f0c   0x00000064   Code   RO         1410    i.retarget_init     bsp_retarget.o
    0x10004f70   0x10004f70   0x00000018   Code   RO         1411    i.sendchar          bsp_retarget.o
    0x10004f88   0x10004f88   0x00000000   Code   RO         4054    x$fpl$usenofp       fz_ps.l(usenofp.o)
    0x10004f88   0x10004f88   0x00000020   Data   RO         2533    .constdata          Xinc_ble_sdk_nonlowpowerv1.2.lib(ble.o)
    0x10004fa8   0x10004fa8   0x00000140   Data   RO         2570    .constdata          Xinc_ble_sdk_nonlowpowerv1.2.lib(xinrfc.o)
    0x100050e8   0x100050e8   0x00000140   Data   RO         2571    .constdata          Xinc_ble_sdk_nonlowpowerv1.2.lib(xinrfc.o)
    0x10005228   0x10005228   0x00000196   Data   RO         3283    .constdata          Xinc_ble_sdk_nonlowpowerv1.2.lib(hc_event_gen.o)
    0x100053be   0x100053be   0x00000010   Data   RO         3343    .constdata          Xinc_ble_sdk_nonlowpowerv1.2.lib(le_config.o)
    0x100053ce   0x100053ce   0x00000028   Data   RO         3911    .constdata          c_p.l(_printf_hex_int_ll_ptr.o)
    0x100053f6   0x100053f6   0x00000011   Data   RO         3931    .constdata          c_p.l(__printf_flags_ss_wp.o)
    0x10005407   0x10005407   0x00000001   PAD
    0x10005408   0x10005408   0x00000020   Data   RO         4294    Region$$Table       anon$$obj.o


    Execution Region RW (Exec base: 0x10006428, Load base: 0x10005428, Size: 0x00001ba8, Max: 0xffffffff, ABSOLUTE)

    Exec Addr    Load Addr    Size         Type   Attr      Idx    E Section Name        Object

    0x10006428   0x10005428   0x00000008   Data   RW          151    .data               cv520.o
    0x10006430   0x10005430   0x0000002c   Data   RW         1232    .data               bsp_gpio.o
    0x1000645c   0x1000545c   0x00000008   Data   RW         1326    .data               bsp_uart.o
    0x10006464   0x10005464   0x00000004   Data   RW         1412    .data               bsp_retarget.o
    0x10006468   0x10005468   0x00000004   Data   RW         1568    .data               bsp_systick.o
    0x1000646c   0x1000546c   0x00000018   Data   RW         1772    .data               Xinc_ble_sdk_nonlowpowerv1.2.lib(hw_radio.o)
    0x10006484   0x10005484   0x00000004   Data   RW         1818    .data               Xinc_ble_sdk_nonlowpowerv1.2.lib(btstack_tick.o)
    0x10006488   0x10005488   0x00000018   Data   RW         2472    .data               Xinc_ble_sdk_nonlowpowerv1.2.lib(hci_dump.o)
    0x100064a0   0x100054a0   0x00000010   Data   RW         2554    .data               Xinc_ble_sdk_nonlowpowerv1.2.lib(hw_delay.o)
    0x100064b0   0x100054b0   0x00000004   Data   RW         3131    .data               Xinc_ble_sdk_nonlowpowerv1.2.lib(sys_rand_num_gen.o)
    0x100064b4   0x100054b4   0x00000010   Data   RW         3224    .data               Xinc_ble_sdk_nonlowpowerv1.2.lib(lslc_irq.o)
    0x100064c4   0x100054c4   0x00000008   Data   RW         3284    .data               Xinc_ble_sdk_nonlowpowerv1.2.lib(hc_event_gen.o)
    0x100064cc   0x100054cc   0x0000000c   Data   RW         3409    .data               Xinc_ble_sdk_nonlowpowerv1.2.lib(le_connection.o)
    0x100064d8   0x100054d8   0x0000004a   Data   RW         3485    .data               Xinc_ble_sdk_nonlowpowerv1.2.lib(le_link_layer.o)
    0x10006522   0x10005522   0x00000002   PAD
    0x10006524   0x10005524   0x00000008   Data   RW         3835    .data               Xinc_ble_sdk_nonlowpowerv1.2.lib(le_test.o)
    0x1000652c        -       0x00000230   Zero   RW          148    .bss                cv520.o
    0x1000675c        -       0x000000a4   Zero   RW         2539    .bss                Xinc_ble_sdk_nonlowpowerv1.2.lib(sys_config.o)
    0x10006800        -       0x00000c30   Zero   RW         3162    .bss                Xinc_ble_sdk_nonlowpowerv1.2.lib(tra_queue.o)
    0x10007430        -       0x0000001c   Zero   RW         3313    .bss                Xinc_ble_sdk_nonlowpowerv1.2.lib(hc_flow_control.o)
    0x1000744c        -       0x0000008c   Zero   RW         3341    .bss                Xinc_ble_sdk_nonlowpowerv1.2.lib(le_config.o)
    0x100074d8        -       0x000000d8   Zero   RW         3407    .bss                Xinc_ble_sdk_nonlowpowerv1.2.lib(le_connection.o)
    0x100075b0        -       0x000000b8   Zero   RW         3638    .bss                Xinc_ble_sdk_nonlowpowerv1.2.lib(lmp_config.o)
    0x10007668        -       0x00000030   Zero   RW         3717    .bss                Xinc_ble_sdk_nonlowpowerv1.2.lib(le_advertise.o)
    0x10007698        -       0x00000098   Zero   RW         3718    .bss                Xinc_ble_sdk_nonlowpowerv1.2.lib(le_advertise.o)
    0x10007730        -       0x00000040   Zero   RW         3833    .bss                Xinc_ble_sdk_nonlowpowerv1.2.lib(le_test.o)
    0x10007770        -       0x00000060   Zero   RW         4124    .bss                c_p.l(libspace.o)
    0x100077d0        -       0x00000000   Zero   RW           13    HEAP                startup_xinc.o
    0x100077d0        -       0x00000800   Zero   RW           12    STACK               startup_xinc.o


==============================================================================

Image component sizes


      Code (inc. data)   RO Data    RW Data    ZI Data      Debug   Object Name

       608        116          0         44          0       7213   bsp_gpio.o
       140         28          0          4          0       5838   bsp_retarget.o
        20          4          0          4          0        972   bsp_systick.o
        80         16          0          8          0       5165   bsp_uart.o
       186          0          0          0          0       1572   buzzer.o
         0          0          0          0          0       4652   core_cm0.o
      1760        160          0          8        560      10763   cv520.o
       702         48          0          0          0      17381   iso14443.o
       138          0          0          0          0       1251   led.o
        96         18          0          0          0       1896   m0_delay.o
        48         18          0          0          0       4375   main.o
        72         32        144          0       2048        868   startup_xinc.o
        20          6          0          0          0        589   system_xinc.o

    ----------------------------------------------------------------------
      3882        446        176         68       2608      62535   Object Totals
         0          0         32          0          0          0   (incl. Generated)
        12          0          0          0          0          0   (incl. Padding)

    ----------------------------------------------------------------------

      Code (inc. data)   RO Data    RW Data    ZI Data      Debug   Library Member Name

         0          0         32          0          0          0   ble.o
        44          0          0          0          0        128   bt_timer.o
        14          6          0          4          0        120   btstack_tick.o
       288         10        406          8          0        344   hc_event_gen.o
        40          6          0          0         28         72   hc_flow_control.o
        20          4          0         24          0         60   hci_dump.o
       136         26          0         16          0        200   hw_delay.o
        48         10          0          0          0        132   hw_lc.o
      1290        130          0         24          0        832   hw_radio.o
         4          0          0          0          0         60   lc_interface.o
      2172        226          0          0        200       1636   le_advertise.o
       104         18         16          0        140        312   le_config.o
      4400        222          0         12        216       1932   le_connection.o
       298          6          0          0          0        344   le_frequency.o
      2200         76          0         74          0       1392   le_link_layer.o
       812        100          0          8         64        656   le_test.o
         0          0          0          0        184          0   lmp_config.o
        52          6          0          0          0         72   lmp_link_policy.o
        58          0          0          0          0        248   lmp_utils.o
       384         28          0         16          0        136   lslc_irq.o
         2          0          0          0          0         60   lslc_slot.o
         0          0          0          0        164          0   sys_config.o
        24          0          0          0          0        188   sys_irq.o
       110         16          0          4          0        208   sys_rand_num_gen.o
      1266         60          0          0       3120       1036   tra_queue.o
         0          0        640          0          0          0   xinrfc.o
        28          6          0          0          0         84   __2printf.o
         8          0          0          0          0         68   __main.o
       392          6         17          0          0         76   __printf_flags_ss_wp.o
        14          0          0          0          0         60   __printf_wp.o
         0          0          0          0          0          0   __rtentry.o
        12          0          0          0          0          0   __rtentry2.o
         6          0          0          0          0          0   __rtentry4.o
        60          8          0          0          0          0   __scatter.o
        26          0          0          0          0          0   __scatter_copy.o
        28          0          0          0          0          0   __scatter_zi.o
        48          6          0          0          0         88   _printf_char_common.o
        40          6          0          0          0         72   _printf_char_file.o
       152          4         40          0          0        148   _printf_hex_int_ll_ptr.o
       176          0          0          0          0         84   _printf_intcommon.o
        78          0          0          0          0        100   _printf_pad.o
         2          0          0          0          0          0   _printf_percent.o
         4          0          0          0          0          0   _printf_percent_end.o
        10          0          0          0          0          0   _printf_x.o
       346          0          0          0          0         92   aeabi_sdiv.o
        16          0          0          0          0         68   exit.o
         6          0          0          0          0        136   heapauxi.o
         2          0          0          0          0          0   libinit.o
         2          0          0          0          0          0   libinit2.o
         2          0          0          0          0          0   libshutdown.o
         2          0          0          0          0          0   libshutdown2.o
         8          4          0          0         96         68   libspace.o
        64          0          0          0          0        108   rt_memclr.o
       186          0          0          0          0        144   rt_memcpy.o
         2          0          0          0          0          0   rtexit.o
        10          0          0          0          0          0   rtexit2.o
        62          0          0          0          0         80   sys_stackheap_outer.o
         2          0          0          0          0         68   use_no_semi.o
        72          4          0          0          0         68   dfixui.o
        88          0          0          0          0         92   dflti.o
       584         26          0          0          0         84   dmul.o
         0          0          0          0          0          0   usenofp.o

    ----------------------------------------------------------------------
     16334       1020       1152        192       4212      11956   Library Totals
        30          0          1          2          0          0   (incl. Padding)

    ----------------------------------------------------------------------

      Code (inc. data)   RO Data    RW Data    ZI Data      Debug   Library Name

     13766        950       1094        190       4116      10168   Xinc_ble_sdk_nonlowpowerv1.2.lib
      1794         40         57          0         96       1544   c_p.l
       744         30          0          0          0        244   fz_ps.l

    ----------------------------------------------------------------------
     16334       1020       1152        192       4212      11956   Library Totals

    ----------------------------------------------------------------------

==============================================================================


      Code (inc. data)   RO Data    RW Data    ZI Data      Debug   

     20216       1466       1328        260       6820      65187   Grand Totals
     20216       1466       1328        260       6820      65187   ELF Image Totals
     20216       1466       1328        260          0          0   ROM Totals

==============================================================================

    Total RO  Size (Code + RO Data)                21544 (  21.04kB)
    Total RW  Size (RW Data + ZI Data)              7080 (   6.91kB)
    Total ROM Size (Code + RO Data + RW Data)      21804 (  21.29kB)

==============================================================================

