<html>
<body>
<pre>
<h1>礦ision Build Log</h1>
<h2>Tool Versions:</h2>
IDE-Version: μVision V5.37.0.0
Copyright (C) 2022 ARM Ltd and ARM Germany GmbH. All rights reserved.
License Information: dala xing, henghe, LIC=UJWP0-BGLBF-FWY2N-Y5YBI-KGD93-QZ7MJ
 
Tool Versions:
Toolchain:       MDK-ARM Plus  Version: 5.37.0.0
Toolchain Path:  F:\Program Files (x86)\Keil\Keil_ARM\ARM\AC506u7\Bin
C Compiler:      Armcc.exe V5.06 update 7 (build 960)
Assembler:       Armasm.exe V5.06 update 7 (build 960)
Linker/Locator:  ArmLink.exe V5.06 update 7 (build 960)
Library Manager: ArmAr.exe V5.06 update 7 (build 960)
Hex Converter:   FromElf.exe V5.06 update 7 (build 960)
CPU DLL:         SARMCM3.DLL V5.37.0.0
Dialog DLL:      DARMCM1.DLL V1.19.6.0
Target DLL:      Segger\JL2CM3.dll V2.99.42.0
Dialog DLL:      TARMCM1.DLL V1.14.6.0
 
<h2>Project:</h2>
D:\工作资料\工作区\#PCB\CVM32F032CU3 Development Board V1.0\5、程序demo\6系NFC读写Demo\##LPCD低功耗寻卡\Mifare协议进行低功耗寻卡+打印M卡扇区\SPI_DEMO（串口打印）\SPI_Demo.uvprojx
Project File Date:  02/02/2023

<h2>Output:</h2>
*** Using Compiler 'V5.06 update 7 (build 960)', folder: 'F:\Program Files (x86)\Keil\Keil_ARM\ARM\AC506u7\Bin'
Build target 'ble-sdk'
compiling CV663.c...
.\Library_function\M0\Bsp\bsp_timer.h(6): warning:  #1-D: last line of file ends without a newline
  #endif
.\Library_function\Bluetooth\BT.h(15): warning:  #1-D: last line of file ends without a newline
  #endif
.\Library_function\Bluetooth\xinchip_ota.h(7): warning:  #1-D: last line of file ends without a newline
  #endif
.\Library_function\Peripheral\Buzzer\Buzzer.h(11): warning:  #1-D: last line of file ends without a newline
  #endif
Library_function\Peripheral\NFC\CV663.c(789): warning:  #177-D: variable "tu_cBuffer"  was declared but never referenced
          uint8_t tu_cBuffer[256];
Library_function\Peripheral\NFC\CV663.c(817): warning:  #1-D: last line of file ends without a newline
  }
Library_function\Peripheral\NFC\CV663.c: 6 warnings, 0 errors
linking...
Program Size: Code=20980 RO-data=1328 RW-data=268 ZI-data=7816  
After Build - User command #1: fromelf --bin --output=s.bin .\Objects\BT_NFC.axf
After Build - User command #2: Xincboot_tool s.bin download.bin
Xinc v3.1 build Mar 19 2019 23:08:55
USAGE: [Xincboot_tool] <input FILE> <output FILE> 
Input: s.bin download.bin 
Input file "s.bin" raw size = 0x5830 byte 
 -): 
".\Objects\BT_NFC.axf" - 0 Error(s), 6 Warning(s).

<h2>Software Packages used:</h2>

Package Vendor: ARM
                http://www.keil.com/pack/ARM.CMSIS.5.9.0.pack
                ARM.CMSIS.5.9.0
                CMSIS (Common Microcontroller Software Interface Standard)

<h2>Collection of Component include folders:</h2>
  F:/Program Files (x86)/Keil/Keil_ARM/ARM/Packs/ARM/CMSIS/5.9.0/Device/ARM/ARMCM0/Include

<h2>Collection of Component Files used:</h2>
Build Time Elapsed:  00:00:01
</pre>
</body>
</html>
